Archive member included to satisfy reference by file (symbol)

/usr/local/sbin/gcc-arm-none-eabi-5_2-2015q4/bin/../lib/gcc/arm-none-eabi/5.2.1/armv6-m/libgcc.a(_udivsi3.o)
                              ./cmsis_boot/system_stm32f0xx.o (__aeabi_uidiv)
/usr/local/sbin/gcc-arm-none-eabi-5_2-2015q4/bin/../lib/gcc/arm-none-eabi/5.2.1/armv6-m/libgcc.a(_dvmd_tls.o)
                              /usr/local/sbin/gcc-arm-none-eabi-5_2-2015q4/bin/../lib/gcc/arm-none-eabi/5.2.1/armv6-m/libgcc.a(_udivsi3.o) (__aeabi_idiv0)
/usr/local/sbin/gcc-arm-none-eabi-5_2-2015q4/bin/../lib/gcc/arm-none-eabi/5.2.1/../../../../arm-none-eabi/lib/armv6-m/libc_nano.a(lib_a-rand.o)
                              ./src/dsp.o (srand)
/usr/local/sbin/gcc-arm-none-eabi-5_2-2015q4/bin/../lib/gcc/arm-none-eabi/5.2.1/../../../../arm-none-eabi/lib/armv6-m/libc_nano.a(lib_a-sprintf.o)
                              ./src/hard.o (sprintf)
/usr/local/sbin/gcc-arm-none-eabi-5_2-2015q4/bin/../lib/gcc/arm-none-eabi/5.2.1/../../../../arm-none-eabi/lib/armv6-m/libc_nano.a(lib_a-strncpy.o)
                              ./src/flash_program.o (strncpy)
/usr/local/sbin/gcc-arm-none-eabi-5_2-2015q4/bin/../lib/gcc/arm-none-eabi/5.2.1/../../../../arm-none-eabi/lib/armv6-m/libc_nano.a(lib_a-impure.o)
                              /usr/local/sbin/gcc-arm-none-eabi-5_2-2015q4/bin/../lib/gcc/arm-none-eabi/5.2.1/../../../../arm-none-eabi/lib/armv6-m/libc_nano.a(lib_a-rand.o) (_impure_ptr)
/usr/local/sbin/gcc-arm-none-eabi-5_2-2015q4/bin/../lib/gcc/arm-none-eabi/5.2.1/../../../../arm-none-eabi/lib/armv6-m/libc_nano.a(lib_a-malloc.o)
                              /usr/local/sbin/gcc-arm-none-eabi-5_2-2015q4/bin/../lib/gcc/arm-none-eabi/5.2.1/../../../../arm-none-eabi/lib/armv6-m/libc_nano.a(lib_a-rand.o) (malloc)
/usr/local/sbin/gcc-arm-none-eabi-5_2-2015q4/bin/../lib/gcc/arm-none-eabi/5.2.1/../../../../arm-none-eabi/lib/armv6-m/libc_nano.a(lib_a-nano-freer.o)
                              /usr/local/sbin/gcc-arm-none-eabi-5_2-2015q4/bin/../lib/gcc/arm-none-eabi/5.2.1/../../../../arm-none-eabi/lib/armv6-m/libc_nano.a(lib_a-malloc.o) (_free_r)
/usr/local/sbin/gcc-arm-none-eabi-5_2-2015q4/bin/../lib/gcc/arm-none-eabi/5.2.1/../../../../arm-none-eabi/lib/armv6-m/libc_nano.a(lib_a-nano-mallocr.o)
                              /usr/local/sbin/gcc-arm-none-eabi-5_2-2015q4/bin/../lib/gcc/arm-none-eabi/5.2.1/../../../../arm-none-eabi/lib/armv6-m/libc_nano.a(lib_a-malloc.o) (_malloc_r)
/usr/local/sbin/gcc-arm-none-eabi-5_2-2015q4/bin/../lib/gcc/arm-none-eabi/5.2.1/../../../../arm-none-eabi/lib/armv6-m/libc_nano.a(lib_a-nano-svfprintf.o)
                              /usr/local/sbin/gcc-arm-none-eabi-5_2-2015q4/bin/../lib/gcc/arm-none-eabi/5.2.1/../../../../arm-none-eabi/lib/armv6-m/libc_nano.a(lib_a-sprintf.o) (_svfprintf_r)
/usr/local/sbin/gcc-arm-none-eabi-5_2-2015q4/bin/../lib/gcc/arm-none-eabi/5.2.1/../../../../arm-none-eabi/lib/armv6-m/libc_nano.a(lib_a-nano-vfprintf_i.o)
                              /usr/local/sbin/gcc-arm-none-eabi-5_2-2015q4/bin/../lib/gcc/arm-none-eabi/5.2.1/../../../../arm-none-eabi/lib/armv6-m/libc_nano.a(lib_a-nano-svfprintf.o) (_printf_i)
/usr/local/sbin/gcc-arm-none-eabi-5_2-2015q4/bin/../lib/gcc/arm-none-eabi/5.2.1/../../../../arm-none-eabi/lib/armv6-m/libc_nano.a(lib_a-sbrkr.o)
                              /usr/local/sbin/gcc-arm-none-eabi-5_2-2015q4/bin/../lib/gcc/arm-none-eabi/5.2.1/../../../../arm-none-eabi/lib/armv6-m/libc_nano.a(lib_a-nano-mallocr.o) (_sbrk_r)
/usr/local/sbin/gcc-arm-none-eabi-5_2-2015q4/bin/../lib/gcc/arm-none-eabi/5.2.1/../../../../arm-none-eabi/lib/armv6-m/libc_nano.a(lib_a-memchr-stub.o)
                              /usr/local/sbin/gcc-arm-none-eabi-5_2-2015q4/bin/../lib/gcc/arm-none-eabi/5.2.1/../../../../arm-none-eabi/lib/armv6-m/libc_nano.a(lib_a-nano-svfprintf.o) (memchr)
/usr/local/sbin/gcc-arm-none-eabi-5_2-2015q4/bin/../lib/gcc/arm-none-eabi/5.2.1/../../../../arm-none-eabi/lib/armv6-m/libc_nano.a(lib_a-memcpy-stub.o)
                              /usr/local/sbin/gcc-arm-none-eabi-5_2-2015q4/bin/../lib/gcc/arm-none-eabi/5.2.1/../../../../arm-none-eabi/lib/armv6-m/libc_nano.a(lib_a-nano-svfprintf.o) (memcpy)
/usr/local/sbin/gcc-arm-none-eabi-5_2-2015q4/bin/../lib/gcc/arm-none-eabi/5.2.1/../../../../arm-none-eabi/lib/armv6-m/libc_nano.a(lib_a-memmove.o)
                              /usr/local/sbin/gcc-arm-none-eabi-5_2-2015q4/bin/../lib/gcc/arm-none-eabi/5.2.1/../../../../arm-none-eabi/lib/armv6-m/libc_nano.a(lib_a-nano-svfprintf.o) (memmove)
/usr/local/sbin/gcc-arm-none-eabi-5_2-2015q4/bin/../lib/gcc/arm-none-eabi/5.2.1/../../../../arm-none-eabi/lib/armv6-m/libc_nano.a(lib_a-nano-reallocr.o)
                              /usr/local/sbin/gcc-arm-none-eabi-5_2-2015q4/bin/../lib/gcc/arm-none-eabi/5.2.1/../../../../arm-none-eabi/lib/armv6-m/libc_nano.a(lib_a-nano-svfprintf.o) (_realloc_r)
/usr/local/sbin/gcc-arm-none-eabi-5_2-2015q4/bin/../lib/gcc/arm-none-eabi/5.2.1/../../../../arm-none-eabi/lib/armv6-m/libc_nano.a(lib_a-reent.o)
                              /usr/local/sbin/gcc-arm-none-eabi-5_2-2015q4/bin/../lib/gcc/arm-none-eabi/5.2.1/../../../../arm-none-eabi/lib/armv6-m/libc_nano.a(lib_a-sbrkr.o) (errno)
/usr/local/sbin/gcc-arm-none-eabi-5_2-2015q4/bin/../lib/gcc/arm-none-eabi/5.2.1/../../../../arm-none-eabi/lib/armv6-m/libc_nano.a(lib_a-nano-msizer.o)
                              /usr/local/sbin/gcc-arm-none-eabi-5_2-2015q4/bin/../lib/gcc/arm-none-eabi/5.2.1/../../../../arm-none-eabi/lib/armv6-m/libc_nano.a(lib_a-nano-reallocr.o) (_malloc_usable_size_r)
/usr/local/sbin/gcc-arm-none-eabi-5_2-2015q4/bin/../lib/gcc/arm-none-eabi/5.2.1/armv6-m/libgcc.a(_muldi3.o)
                              /usr/local/sbin/gcc-arm-none-eabi-5_2-2015q4/bin/../lib/gcc/arm-none-eabi/5.2.1/../../../../arm-none-eabi/lib/armv6-m/libc_nano.a(lib_a-rand.o) (__aeabi_lmul)

Allocating common symbols
Common symbol       size              file

v_ma8               0x10              ./src/dsp.o
errno               0x4               /usr/local/sbin/gcc-arm-none-eabi-5_2-2015q4/bin/../lib/gcc/arm-none-eabi/5.2.1/../../../../arm-none-eabi/lib/armv6-m/libc_nano.a(lib_a-reent.o)
p_ma8               0x4               ./src/dsp.o
adc_ch              0xa               ./src/main.o
p_signal            0x4               ./src/main.o
v_ma_circular       0x40              ./src/dsp.o
timer_standby       0x2               ./src/main.o
p_ma_circular       0x4               ./src/dsp.o

Discarded input sections

 .text          0x00000000        0x0 ./src/main.o
 .data          0x00000000        0x0 ./src/main.o
 .bss           0x00000000        0x0 ./src/main.o
 .bss.seq_ready
                0x00000000        0x1 ./src/main.o
 .bss.overcurrent_shutdown
                0x00000000        0x1 ./src/main.o
 .text          0x00000000        0x0 ./cmsis_boot/system_stm32f0xx.o
 .data          0x00000000        0x0 ./cmsis_boot/system_stm32f0xx.o
 .bss           0x00000000        0x0 ./cmsis_boot/system_stm32f0xx.o
 .data.SystemCoreClock
                0x00000000        0x4 ./cmsis_boot/system_stm32f0xx.o
 .data.AHBPrescTable
                0x00000000       0x10 ./cmsis_boot/system_stm32f0xx.o
 .text.SystemCoreClockUpdate
                0x00000000       0xd0 ./cmsis_boot/system_stm32f0xx.o
 .text.SetSysClock
                0x00000000      0x17c ./cmsis_boot/system_stm32f0xx.o
 .text          0x00000000        0x0 ./cmsis_boot/syscalls/syscalls.o
 .data          0x00000000        0x0 ./cmsis_boot/syscalls/syscalls.o
 .bss           0x00000000        0x0 ./cmsis_boot/syscalls/syscalls.o
 .text._sbrk    0x00000000       0x34 ./cmsis_boot/syscalls/syscalls.o
 .text.link     0x00000000       0x10 ./cmsis_boot/syscalls/syscalls.o
 .text._close   0x00000000       0x10 ./cmsis_boot/syscalls/syscalls.o
 .text._fstat   0x00000000       0x18 ./cmsis_boot/syscalls/syscalls.o
 .text._isatty  0x00000000        0xc ./cmsis_boot/syscalls/syscalls.o
 .text._lseek   0x00000000       0x10 ./cmsis_boot/syscalls/syscalls.o
 .text._read    0x00000000       0x10 ./cmsis_boot/syscalls/syscalls.o
 .text._write   0x00000000       0x10 ./cmsis_boot/syscalls/syscalls.o
 .text.abort    0x00000000        0x4 ./cmsis_boot/syscalls/syscalls.o
 .bss.heap.5298
                0x00000000        0x4 ./cmsis_boot/syscalls/syscalls.o
 .debug_info    0x00000000      0x44a ./cmsis_boot/syscalls/syscalls.o
 .debug_abbrev  0x00000000       0xe7 ./cmsis_boot/syscalls/syscalls.o
 .debug_loc     0x00000000      0x100 ./cmsis_boot/syscalls/syscalls.o
 .debug_aranges
                0x00000000       0x60 ./cmsis_boot/syscalls/syscalls.o
 .debug_ranges  0x00000000       0x50 ./cmsis_boot/syscalls/syscalls.o
 .debug_line    0x00000000      0x158 ./cmsis_boot/syscalls/syscalls.o
 .debug_str     0x00000000      0x2e5 ./cmsis_boot/syscalls/syscalls.o
 .comment       0x00000000       0x6f ./cmsis_boot/syscalls/syscalls.o
 .debug_frame   0x00000000       0xc0 ./cmsis_boot/syscalls/syscalls.o
 .ARM.attributes
                0x00000000       0x31 ./cmsis_boot/syscalls/syscalls.o
 .text          0x00000000        0x0 ./src/adc.o
 .data          0x00000000        0x0 ./src/adc.o
 .bss           0x00000000        0x0 ./src/adc.o
 .text.SetADC1_SampleTime
                0x00000000       0x28 ./src/adc.o
 .text.ReadADC1_SameSampleTime
                0x00000000       0x34 ./src/adc.o
 .text.ReadADC1Check
                0x00000000       0x94 ./src/adc.o
 .text          0x00000000        0x0 ./src/dsp.o
 .data          0x00000000        0x0 ./src/dsp.o
 .bss           0x00000000        0x0 ./src/dsp.o
 .bss.acc       0x00000000        0x4 ./src/dsp.o
 .bss.error_z1  0x00000000        0x2 ./src/dsp.o
 .bss.error_z2  0x00000000        0x2 ./src/dsp.o
 .bss.d_last    0x00000000        0x2 ./src/dsp.o
 .bss.total_ma8
                0x00000000        0x4 ./src/dsp.o
 .text.RandomGen
                0x00000000       0x20 ./src/dsp.o
 .text.MA32Circular_Load
                0x00000000       0x44 ./src/dsp.o
 .text.MA32Circular_Calc
                0x00000000       0xd4 ./src/dsp.o
 .text.MA8Circular_Reset
                0x00000000       0x50 ./src/dsp.o
 .text.MA8Circular
                0x00000000       0x70 ./src/dsp.o
 .text.MA8Circular_Only_Load
                0x00000000       0x44 ./src/dsp.o
 .text.MA8Circular_Only_Calc
                0x00000000       0x44 ./src/dsp.o
 .text.MAFilterFast
                0x00000000       0x54 ./src/dsp.o
 .text.MAFilter8
                0x00000000       0x98 ./src/dsp.o
 .text.MAFilter32
                0x00000000      0x2b0 ./src/dsp.o
 .text.MAFilter32Fast
                0x00000000      0x128 ./src/dsp.o
 .text.MAFilter32Circular
                0x00000000       0x80 ./src/dsp.o
 .text.PID      0x00000000       0xec ./src/dsp.o
 .text.PID_roof
                0x00000000       0xe8 ./src/dsp.o
 .text          0x00000000        0x0 ./src/flash_program.o
 .data          0x00000000        0x0 ./src/flash_program.o
 .bss           0x00000000        0x0 ./src/flash_program.o
 .text.EraseAllMemory_FLASH
                0x00000000       0x48 ./src/flash_program.o
 .text.BackupPage
                0x00000000       0x4c ./src/flash_program.o
 .text.ErasePage
                0x00000000       0x30 ./src/flash_program.o
 .text.FLASH_Unlock
                0x00000000       0x28 ./src/flash_program.o
 .text.FLASH_ErasePage
                0x00000000       0x78 ./src/flash_program.o
 .text.FLASH_Lock
                0x00000000       0x14 ./src/flash_program.o
 .text.FLASH_ProgramWord
                0x00000000       0xb0 ./src/flash_program.o
 .text.FLASH_WaitForLastOperation
                0x00000000       0x58 ./src/flash_program.o
 .text.FLASH_GetStatus
                0x00000000       0x60 ./src/flash_program.o
 .text.WritePage
                0x00000000       0xb0 ./src/flash_program.o
 .text.WriteConfigurations
                0x00000000       0x30 ./src/flash_program.o
 .text.WriteFlash
                0x00000000       0xc8 ./src/flash_program.o
 .text.GetFlashConf
                0x00000000       0x3c ./src/flash_program.o
 .debug_info    0x00000000      0x56a ./src/flash_program.o
 .debug_abbrev  0x00000000      0x224 ./src/flash_program.o
 .debug_loc     0x00000000      0x1cc ./src/flash_program.o
 .debug_aranges
                0x00000000       0x80 ./src/flash_program.o
 .debug_ranges  0x00000000       0x70 ./src/flash_program.o
 .debug_line    0x00000000      0x29f ./src/flash_program.o
 .debug_str     0x00000000      0x40e ./src/flash_program.o
 .comment       0x00000000       0x6f ./src/flash_program.o
 .debug_frame   0x00000000      0x154 ./src/flash_program.o
 .ARM.attributes
                0x00000000       0x31 ./src/flash_program.o
 .text          0x00000000        0x0 ./src/gpio.o
 .data          0x00000000        0x0 ./src/gpio.o
 .bss           0x00000000        0x0 ./src/gpio.o
 .text          0x00000000        0x0 ./src/hard.o
 .data          0x00000000        0x0 ./src/hard.o
 .bss           0x00000000        0x0 ./src/hard.o
 .bss.led_state
                0x00000000        0x1 ./src/hard.o
 .bss.blink     0x00000000        0x1 ./src/hard.o
 .bss.how_many_blinks
                0x00000000        0x1 ./src/hard.o
 .bss.hard_filter_index
                0x00000000        0x1 ./src/hard.o
 .bss.last_voltage_was_high
                0x00000000        0x1 ./src/hard.o
 .bss.integrate_voltage
                0x00000000        0x2 ./src/hard.o
 .bss.integrate_voltage_in_positive
                0x00000000        0x2 ./src/hard.o
 .bss.last_voltage_cycle
                0x00000000        0x2 ./src/hard.o
 .bss.last_voltage_cycle_in_positive
                0x00000000        0x2 ./src/hard.o
 .bss.last_voltage_peak
                0x00000000        0x2 ./src/hard.o
 .bss.voltage_peak
                0x00000000        0x2 ./src/hard.o
 .text.ChangeLed
                0x00000000       0x28 ./src/hard.o
 .text.UpdateLed
                0x00000000      0x100 ./src/hard.o
 .rodata        0x00000000       0x25 ./src/hard.o
 .text.WelcomeCodeFeatures
                0x00000000       0x34 ./src/hard.o
 .text.Hard_Reset_Voltage_Filter
                0x00000000        0xc ./src/hard.o
 .text.Hard_Update_Voltage_Sense
                0x00000000       0xe4 ./src/hard.o
 .text.Hard_Get_Conduction_Angle
                0x00000000       0x44 ./src/hard.o
 .text.Hard_Get_Hidden_Value
                0x00000000        0xc ./src/hard.o
 .debug_info    0x00000000      0x3e8 ./src/hard.o
 .debug_abbrev  0x00000000      0x199 ./src/hard.o
 .debug_loc     0x00000000       0xc4 ./src/hard.o
 .debug_aranges
                0x00000000       0x50 ./src/hard.o
 .debug_ranges  0x00000000       0x40 ./src/hard.o
 .debug_line    0x00000000      0x1cf ./src/hard.o
 .debug_str     0x00000000      0x3cb ./src/hard.o
 .comment       0x00000000       0x6f ./src/hard.o
 .debug_frame   0x00000000       0xb4 ./src/hard.o
 .ARM.attributes
                0x00000000       0x31 ./src/hard.o
 .text          0x00000000        0x0 ./src/it.o
 .data          0x00000000        0x0 ./src/it.o
 .bss           0x00000000        0x0 ./src/it.o
 .text          0x00000000        0x0 ./src/tim.o
 .data          0x00000000        0x0 ./src/tim.o
 .bss           0x00000000        0x0 ./src/tim.o
 .text.NVIC_EnableIRQ
                0x00000000       0x2c ./src/tim.o
 .text.NVIC_SetPriority
                0x00000000       0xec ./src/tim.o
 .bss.timer_1000
                0x00000000        0x2 ./src/tim.o
 .text.Update_TIM1_CH3
                0x00000000       0x20 ./src/tim.o
 .text.Update_TIM3_CH2
                0x00000000       0x20 ./src/tim.o
 .text.Update_TIM3_CH3
                0x00000000       0x20 ./src/tim.o
 .text.Update_TIM3_CH4
                0x00000000       0x20 ./src/tim.o
 .text.Update_TIM14_CH1
                0x00000000       0x20 ./src/tim.o
 .text.Wait_ms  0x00000000       0x2c ./src/tim.o
 .text.TIM_1_Init
                0x00000000       0xcc ./src/tim.o
 .text.TIM_6_Init
                0x00000000       0x38 ./src/tim.o
 .text.TIM6Enable
                0x00000000       0x18 ./src/tim.o
 .text.TIM6Disable
                0x00000000       0x18 ./src/tim.o
 .text.TIM_14_Init
                0x00000000       0x88 ./src/tim.o
 .text.TIM_16_Init
                0x00000000       0x48 ./src/tim.o
 .text.OneShootTIM16
                0x00000000       0x30 ./src/tim.o
 .text.TIM16Enable
                0x00000000       0x18 ./src/tim.o
 .text.TIM16Disable
                0x00000000       0x18 ./src/tim.o
 .text.TIM_17_Init
                0x00000000       0x6c ./src/tim.o
 .text.TIM17Enable
                0x00000000       0x18 ./src/tim.o
 .text.TIM17Disable
                0x00000000       0x18 ./src/tim.o
 .text          0x00000000        0x0 ./src/dma.o
 .data          0x00000000        0x0 ./src/dma.o
 .bss           0x00000000        0x0 ./src/dma.o
 .text.DMAEnableInterrupt
                0x00000000       0x14 ./src/dma.o
 .text.DMADisableInterrupt
                0x00000000       0x14 ./src/dma.o
 .text          0x00000000        0x0 ./cmsis_core/core_cm0.o
 .data          0x00000000        0x0 ./cmsis_core/core_cm0.o
 .bss           0x00000000        0x0 ./cmsis_core/core_cm0.o
 .text.__get_PSP
                0x00000000       0x10 ./cmsis_core/core_cm0.o
 .text.__set_PSP
                0x00000000        0xc ./cmsis_core/core_cm0.o
 .text.__get_MSP
                0x00000000       0x10 ./cmsis_core/core_cm0.o
 .text.__set_MSP
                0x00000000        0xc ./cmsis_core/core_cm0.o
 .text.__get_PRIMASK
                0x00000000       0x14 ./cmsis_core/core_cm0.o
 .text.__set_PRIMASK
                0x00000000       0x10 ./cmsis_core/core_cm0.o
 .text.__get_CONTROL
                0x00000000       0x14 ./cmsis_core/core_cm0.o
 .text.__set_CONTROL
                0x00000000       0x10 ./cmsis_core/core_cm0.o
 .text.__REV    0x00000000       0x18 ./cmsis_core/core_cm0.o
 .text.__REV16  0x00000000       0x20 ./cmsis_core/core_cm0.o
 .text.__REVSH  0x00000000       0x20 ./cmsis_core/core_cm0.o
 .debug_info    0x00000000      0x2de ./cmsis_core/core_cm0.o
 .debug_abbrev  0x00000000       0xdd ./cmsis_core/core_cm0.o
 .debug_loc     0x00000000       0xe0 ./cmsis_core/core_cm0.o
 .debug_aranges
                0x00000000       0x70 ./cmsis_core/core_cm0.o
 .debug_ranges  0x00000000       0x60 ./cmsis_core/core_cm0.o
 .debug_line    0x00000000      0x1bb ./cmsis_core/core_cm0.o
 .debug_str     0x00000000      0x271 ./cmsis_core/core_cm0.o
 .comment       0x00000000       0x6f ./cmsis_core/core_cm0.o
 .debug_frame   0x00000000       0xdc ./cmsis_core/core_cm0.o
 .ARM.attributes
                0x00000000       0x31 ./cmsis_core/core_cm0.o
 .text          0x00000000       0x14 ./cmsis_boot/startup/startup_stm32f0xx.o
 .data          0x00000000        0x0 ./cmsis_boot/startup/startup_stm32f0xx.o
 .bss           0x00000000        0x0 ./cmsis_boot/startup/startup_stm32f0xx.o
 .text          0x00000000      0x114 /usr/local/sbin/gcc-arm-none-eabi-5_2-2015q4/bin/../lib/gcc/arm-none-eabi/5.2.1/armv6-m/libgcc.a(_udivsi3.o)
 .data          0x00000000        0x0 /usr/local/sbin/gcc-arm-none-eabi-5_2-2015q4/bin/../lib/gcc/arm-none-eabi/5.2.1/armv6-m/libgcc.a(_udivsi3.o)
 .bss           0x00000000        0x0 /usr/local/sbin/gcc-arm-none-eabi-5_2-2015q4/bin/../lib/gcc/arm-none-eabi/5.2.1/armv6-m/libgcc.a(_udivsi3.o)
 .debug_frame   0x00000000       0x20 /usr/local/sbin/gcc-arm-none-eabi-5_2-2015q4/bin/../lib/gcc/arm-none-eabi/5.2.1/armv6-m/libgcc.a(_udivsi3.o)
 .ARM.attributes
                0x00000000       0x1e /usr/local/sbin/gcc-arm-none-eabi-5_2-2015q4/bin/../lib/gcc/arm-none-eabi/5.2.1/armv6-m/libgcc.a(_udivsi3.o)
 .text          0x00000000        0x4 /usr/local/sbin/gcc-arm-none-eabi-5_2-2015q4/bin/../lib/gcc/arm-none-eabi/5.2.1/armv6-m/libgcc.a(_dvmd_tls.o)
 .data          0x00000000        0x0 /usr/local/sbin/gcc-arm-none-eabi-5_2-2015q4/bin/../lib/gcc/arm-none-eabi/5.2.1/armv6-m/libgcc.a(_dvmd_tls.o)
 .bss           0x00000000        0x0 /usr/local/sbin/gcc-arm-none-eabi-5_2-2015q4/bin/../lib/gcc/arm-none-eabi/5.2.1/armv6-m/libgcc.a(_dvmd_tls.o)
 .ARM.attributes
                0x00000000       0x1e /usr/local/sbin/gcc-arm-none-eabi-5_2-2015q4/bin/../lib/gcc/arm-none-eabi/5.2.1/armv6-m/libgcc.a(_dvmd_tls.o)
 .text          0x00000000        0x0 /usr/local/sbin/gcc-arm-none-eabi-5_2-2015q4/bin/../lib/gcc/arm-none-eabi/5.2.1/../../../../arm-none-eabi/lib/armv6-m/libc_nano.a(lib_a-rand.o)
 .data          0x00000000        0x0 /usr/local/sbin/gcc-arm-none-eabi-5_2-2015q4/bin/../lib/gcc/arm-none-eabi/5.2.1/../../../../arm-none-eabi/lib/armv6-m/libc_nano.a(lib_a-rand.o)
 .bss           0x00000000        0x0 /usr/local/sbin/gcc-arm-none-eabi-5_2-2015q4/bin/../lib/gcc/arm-none-eabi/5.2.1/../../../../arm-none-eabi/lib/armv6-m/libc_nano.a(lib_a-rand.o)
 .text.srand    0x00000000       0x5c /usr/local/sbin/gcc-arm-none-eabi-5_2-2015q4/bin/../lib/gcc/arm-none-eabi/5.2.1/../../../../arm-none-eabi/lib/armv6-m/libc_nano.a(lib_a-rand.o)
 .text.rand     0x00000000       0x78 /usr/local/sbin/gcc-arm-none-eabi-5_2-2015q4/bin/../lib/gcc/arm-none-eabi/5.2.1/../../../../arm-none-eabi/lib/armv6-m/libc_nano.a(lib_a-rand.o)
 .debug_frame   0x00000000       0x44 /usr/local/sbin/gcc-arm-none-eabi-5_2-2015q4/bin/../lib/gcc/arm-none-eabi/5.2.1/../../../../arm-none-eabi/lib/armv6-m/libc_nano.a(lib_a-rand.o)
 .ARM.attributes
                0x00000000       0x2c /usr/local/sbin/gcc-arm-none-eabi-5_2-2015q4/bin/../lib/gcc/arm-none-eabi/5.2.1/../../../../arm-none-eabi/lib/armv6-m/libc_nano.a(lib_a-rand.o)
 .text          0x00000000        0x0 /usr/local/sbin/gcc-arm-none-eabi-5_2-2015q4/bin/../lib/gcc/arm-none-eabi/5.2.1/../../../../arm-none-eabi/lib/armv6-m/libc_nano.a(lib_a-sprintf.o)
 .data          0x00000000        0x0 /usr/local/sbin/gcc-arm-none-eabi-5_2-2015q4/bin/../lib/gcc/arm-none-eabi/5.2.1/../../../../arm-none-eabi/lib/armv6-m/libc_nano.a(lib_a-sprintf.o)
 .bss           0x00000000        0x0 /usr/local/sbin/gcc-arm-none-eabi-5_2-2015q4/bin/../lib/gcc/arm-none-eabi/5.2.1/../../../../arm-none-eabi/lib/armv6-m/libc_nano.a(lib_a-sprintf.o)
 .text._sprintf_r
                0x00000000       0x40 /usr/local/sbin/gcc-arm-none-eabi-5_2-2015q4/bin/../lib/gcc/arm-none-eabi/5.2.1/../../../../arm-none-eabi/lib/armv6-m/libc_nano.a(lib_a-sprintf.o)
 .text.sprintf  0x00000000       0x44 /usr/local/sbin/gcc-arm-none-eabi-5_2-2015q4/bin/../lib/gcc/arm-none-eabi/5.2.1/../../../../arm-none-eabi/lib/armv6-m/libc_nano.a(lib_a-sprintf.o)
 .debug_frame   0x00000000       0x50 /usr/local/sbin/gcc-arm-none-eabi-5_2-2015q4/bin/../lib/gcc/arm-none-eabi/5.2.1/../../../../arm-none-eabi/lib/armv6-m/libc_nano.a(lib_a-sprintf.o)
 .ARM.attributes
                0x00000000       0x2c /usr/local/sbin/gcc-arm-none-eabi-5_2-2015q4/bin/../lib/gcc/arm-none-eabi/5.2.1/../../../../arm-none-eabi/lib/armv6-m/libc_nano.a(lib_a-sprintf.o)
 .text          0x00000000        0x0 /usr/local/sbin/gcc-arm-none-eabi-5_2-2015q4/bin/../lib/gcc/arm-none-eabi/5.2.1/../../../../arm-none-eabi/lib/armv6-m/libc_nano.a(lib_a-strncpy.o)
 .data          0x00000000        0x0 /usr/local/sbin/gcc-arm-none-eabi-5_2-2015q4/bin/../lib/gcc/arm-none-eabi/5.2.1/../../../../arm-none-eabi/lib/armv6-m/libc_nano.a(lib_a-strncpy.o)
 .bss           0x00000000        0x0 /usr/local/sbin/gcc-arm-none-eabi-5_2-2015q4/bin/../lib/gcc/arm-none-eabi/5.2.1/../../../../arm-none-eabi/lib/armv6-m/libc_nano.a(lib_a-strncpy.o)
 .text.strncpy  0x00000000       0x26 /usr/local/sbin/gcc-arm-none-eabi-5_2-2015q4/bin/../lib/gcc/arm-none-eabi/5.2.1/../../../../arm-none-eabi/lib/armv6-m/libc_nano.a(lib_a-strncpy.o)
 .debug_frame   0x00000000       0x2c /usr/local/sbin/gcc-arm-none-eabi-5_2-2015q4/bin/../lib/gcc/arm-none-eabi/5.2.1/../../../../arm-none-eabi/lib/armv6-m/libc_nano.a(lib_a-strncpy.o)
 .ARM.attributes
                0x00000000       0x2c /usr/local/sbin/gcc-arm-none-eabi-5_2-2015q4/bin/../lib/gcc/arm-none-eabi/5.2.1/../../../../arm-none-eabi/lib/armv6-m/libc_nano.a(lib_a-strncpy.o)
 .text          0x00000000        0x0 /usr/local/sbin/gcc-arm-none-eabi-5_2-2015q4/bin/../lib/gcc/arm-none-eabi/5.2.1/../../../../arm-none-eabi/lib/armv6-m/libc_nano.a(lib_a-impure.o)
 .data          0x00000000        0x0 /usr/local/sbin/gcc-arm-none-eabi-5_2-2015q4/bin/../lib/gcc/arm-none-eabi/5.2.1/../../../../arm-none-eabi/lib/armv6-m/libc_nano.a(lib_a-impure.o)
 .bss           0x00000000        0x0 /usr/local/sbin/gcc-arm-none-eabi-5_2-2015q4/bin/../lib/gcc/arm-none-eabi/5.2.1/../../../../arm-none-eabi/lib/armv6-m/libc_nano.a(lib_a-impure.o)
 .data.impure_data
                0x00000000       0x60 /usr/local/sbin/gcc-arm-none-eabi-5_2-2015q4/bin/../lib/gcc/arm-none-eabi/5.2.1/../../../../arm-none-eabi/lib/armv6-m/libc_nano.a(lib_a-impure.o)
 .data._impure_ptr
                0x00000000        0x4 /usr/local/sbin/gcc-arm-none-eabi-5_2-2015q4/bin/../lib/gcc/arm-none-eabi/5.2.1/../../../../arm-none-eabi/lib/armv6-m/libc_nano.a(lib_a-impure.o)
 .rodata.str1.1
                0x00000000        0x2 /usr/local/sbin/gcc-arm-none-eabi-5_2-2015q4/bin/../lib/gcc/arm-none-eabi/5.2.1/../../../../arm-none-eabi/lib/armv6-m/libc_nano.a(lib_a-impure.o)
 .rodata._global_impure_ptr
                0x00000000        0x4 /usr/local/sbin/gcc-arm-none-eabi-5_2-2015q4/bin/../lib/gcc/arm-none-eabi/5.2.1/../../../../arm-none-eabi/lib/armv6-m/libc_nano.a(lib_a-impure.o)
 .ARM.attributes
                0x00000000       0x2c /usr/local/sbin/gcc-arm-none-eabi-5_2-2015q4/bin/../lib/gcc/arm-none-eabi/5.2.1/../../../../arm-none-eabi/lib/armv6-m/libc_nano.a(lib_a-impure.o)
 .text          0x00000000        0x0 /usr/local/sbin/gcc-arm-none-eabi-5_2-2015q4/bin/../lib/gcc/arm-none-eabi/5.2.1/../../../../arm-none-eabi/lib/armv6-m/libc_nano.a(lib_a-malloc.o)
 .data          0x00000000        0x0 /usr/local/sbin/gcc-arm-none-eabi-5_2-2015q4/bin/../lib/gcc/arm-none-eabi/5.2.1/../../../../arm-none-eabi/lib/armv6-m/libc_nano.a(lib_a-malloc.o)
 .bss           0x00000000        0x0 /usr/local/sbin/gcc-arm-none-eabi-5_2-2015q4/bin/../lib/gcc/arm-none-eabi/5.2.1/../../../../arm-none-eabi/lib/armv6-m/libc_nano.a(lib_a-malloc.o)
 .text.malloc   0x00000000       0x14 /usr/local/sbin/gcc-arm-none-eabi-5_2-2015q4/bin/../lib/gcc/arm-none-eabi/5.2.1/../../../../arm-none-eabi/lib/armv6-m/libc_nano.a(lib_a-malloc.o)
 .text.free     0x00000000       0x14 /usr/local/sbin/gcc-arm-none-eabi-5_2-2015q4/bin/../lib/gcc/arm-none-eabi/5.2.1/../../../../arm-none-eabi/lib/armv6-m/libc_nano.a(lib_a-malloc.o)
 .debug_frame   0x00000000       0x40 /usr/local/sbin/gcc-arm-none-eabi-5_2-2015q4/bin/../lib/gcc/arm-none-eabi/5.2.1/../../../../arm-none-eabi/lib/armv6-m/libc_nano.a(lib_a-malloc.o)
 .ARM.attributes
                0x00000000       0x2c /usr/local/sbin/gcc-arm-none-eabi-5_2-2015q4/bin/../lib/gcc/arm-none-eabi/5.2.1/../../../../arm-none-eabi/lib/armv6-m/libc_nano.a(lib_a-malloc.o)
 .text          0x00000000        0x0 /usr/local/sbin/gcc-arm-none-eabi-5_2-2015q4/bin/../lib/gcc/arm-none-eabi/5.2.1/../../../../arm-none-eabi/lib/armv6-m/libc_nano.a(lib_a-nano-freer.o)
 .data          0x00000000        0x0 /usr/local/sbin/gcc-arm-none-eabi-5_2-2015q4/bin/../lib/gcc/arm-none-eabi/5.2.1/../../../../arm-none-eabi/lib/armv6-m/libc_nano.a(lib_a-nano-freer.o)
 .bss           0x00000000        0x0 /usr/local/sbin/gcc-arm-none-eabi-5_2-2015q4/bin/../lib/gcc/arm-none-eabi/5.2.1/../../../../arm-none-eabi/lib/armv6-m/libc_nano.a(lib_a-nano-freer.o)
 .text._free_r  0x00000000       0x8c /usr/local/sbin/gcc-arm-none-eabi-5_2-2015q4/bin/../lib/gcc/arm-none-eabi/5.2.1/../../../../arm-none-eabi/lib/armv6-m/libc_nano.a(lib_a-nano-freer.o)
 .debug_frame   0x00000000       0x2c /usr/local/sbin/gcc-arm-none-eabi-5_2-2015q4/bin/../lib/gcc/arm-none-eabi/5.2.1/../../../../arm-none-eabi/lib/armv6-m/libc_nano.a(lib_a-nano-freer.o)
 .ARM.attributes
                0x00000000       0x2c /usr/local/sbin/gcc-arm-none-eabi-5_2-2015q4/bin/../lib/gcc/arm-none-eabi/5.2.1/../../../../arm-none-eabi/lib/armv6-m/libc_nano.a(lib_a-nano-freer.o)
 .text          0x00000000        0x0 /usr/local/sbin/gcc-arm-none-eabi-5_2-2015q4/bin/../lib/gcc/arm-none-eabi/5.2.1/../../../../arm-none-eabi/lib/armv6-m/libc_nano.a(lib_a-nano-mallocr.o)
 .data          0x00000000        0x0 /usr/local/sbin/gcc-arm-none-eabi-5_2-2015q4/bin/../lib/gcc/arm-none-eabi/5.2.1/../../../../arm-none-eabi/lib/armv6-m/libc_nano.a(lib_a-nano-mallocr.o)
 .bss           0x00000000        0x0 /usr/local/sbin/gcc-arm-none-eabi-5_2-2015q4/bin/../lib/gcc/arm-none-eabi/5.2.1/../../../../arm-none-eabi/lib/armv6-m/libc_nano.a(lib_a-nano-mallocr.o)
 .text._malloc_r
                0x00000000       0xac /usr/local/sbin/gcc-arm-none-eabi-5_2-2015q4/bin/../lib/gcc/arm-none-eabi/5.2.1/../../../../arm-none-eabi/lib/armv6-m/libc_nano.a(lib_a-nano-mallocr.o)
 .bss.__malloc_sbrk_start
                0x00000000        0x4 /usr/local/sbin/gcc-arm-none-eabi-5_2-2015q4/bin/../lib/gcc/arm-none-eabi/5.2.1/../../../../arm-none-eabi/lib/armv6-m/libc_nano.a(lib_a-nano-mallocr.o)
 .bss.__malloc_free_list
                0x00000000        0x4 /usr/local/sbin/gcc-arm-none-eabi-5_2-2015q4/bin/../lib/gcc/arm-none-eabi/5.2.1/../../../../arm-none-eabi/lib/armv6-m/libc_nano.a(lib_a-nano-mallocr.o)
 .debug_frame   0x00000000       0x2c /usr/local/sbin/gcc-arm-none-eabi-5_2-2015q4/bin/../lib/gcc/arm-none-eabi/5.2.1/../../../../arm-none-eabi/lib/armv6-m/libc_nano.a(lib_a-nano-mallocr.o)
 .ARM.attributes
                0x00000000       0x2c /usr/local/sbin/gcc-arm-none-eabi-5_2-2015q4/bin/../lib/gcc/arm-none-eabi/5.2.1/../../../../arm-none-eabi/lib/armv6-m/libc_nano.a(lib_a-nano-mallocr.o)
 .text          0x00000000        0x0 /usr/local/sbin/gcc-arm-none-eabi-5_2-2015q4/bin/../lib/gcc/arm-none-eabi/5.2.1/../../../../arm-none-eabi/lib/armv6-m/libc_nano.a(lib_a-nano-svfprintf.o)
 .data          0x00000000        0x0 /usr/local/sbin/gcc-arm-none-eabi-5_2-2015q4/bin/../lib/gcc/arm-none-eabi/5.2.1/../../../../arm-none-eabi/lib/armv6-m/libc_nano.a(lib_a-nano-svfprintf.o)
 .bss           0x00000000        0x0 /usr/local/sbin/gcc-arm-none-eabi-5_2-2015q4/bin/../lib/gcc/arm-none-eabi/5.2.1/../../../../arm-none-eabi/lib/armv6-m/libc_nano.a(lib_a-nano-svfprintf.o)
 .text.__ssputs_r
                0x00000000       0xc4 /usr/local/sbin/gcc-arm-none-eabi-5_2-2015q4/bin/../lib/gcc/arm-none-eabi/5.2.1/../../../../arm-none-eabi/lib/armv6-m/libc_nano.a(lib_a-nano-svfprintf.o)
 .text.__ssprint_r
                0x00000000      0x100 /usr/local/sbin/gcc-arm-none-eabi-5_2-2015q4/bin/../lib/gcc/arm-none-eabi/5.2.1/../../../../arm-none-eabi/lib/armv6-m/libc_nano.a(lib_a-nano-svfprintf.o)
 .text._svfprintf_r
                0x00000000      0x1fc /usr/local/sbin/gcc-arm-none-eabi-5_2-2015q4/bin/../lib/gcc/arm-none-eabi/5.2.1/../../../../arm-none-eabi/lib/armv6-m/libc_nano.a(lib_a-nano-svfprintf.o)
 .rodata.str1.1
                0x00000000       0x11 /usr/local/sbin/gcc-arm-none-eabi-5_2-2015q4/bin/../lib/gcc/arm-none-eabi/5.2.1/../../../../arm-none-eabi/lib/armv6-m/libc_nano.a(lib_a-nano-svfprintf.o)
 .debug_frame   0x00000000       0x74 /usr/local/sbin/gcc-arm-none-eabi-5_2-2015q4/bin/../lib/gcc/arm-none-eabi/5.2.1/../../../../arm-none-eabi/lib/armv6-m/libc_nano.a(lib_a-nano-svfprintf.o)
 .ARM.attributes
                0x00000000       0x2c /usr/local/sbin/gcc-arm-none-eabi-5_2-2015q4/bin/../lib/gcc/arm-none-eabi/5.2.1/../../../../arm-none-eabi/lib/armv6-m/libc_nano.a(lib_a-nano-svfprintf.o)
 .text          0x00000000        0x0 /usr/local/sbin/gcc-arm-none-eabi-5_2-2015q4/bin/../lib/gcc/arm-none-eabi/5.2.1/../../../../arm-none-eabi/lib/armv6-m/libc_nano.a(lib_a-nano-vfprintf_i.o)
 .data          0x00000000        0x0 /usr/local/sbin/gcc-arm-none-eabi-5_2-2015q4/bin/../lib/gcc/arm-none-eabi/5.2.1/../../../../arm-none-eabi/lib/armv6-m/libc_nano.a(lib_a-nano-vfprintf_i.o)
 .bss           0x00000000        0x0 /usr/local/sbin/gcc-arm-none-eabi-5_2-2015q4/bin/../lib/gcc/arm-none-eabi/5.2.1/../../../../arm-none-eabi/lib/armv6-m/libc_nano.a(lib_a-nano-vfprintf_i.o)
 .text._printf_common
                0x00000000       0xdc /usr/local/sbin/gcc-arm-none-eabi-5_2-2015q4/bin/../lib/gcc/arm-none-eabi/5.2.1/../../../../arm-none-eabi/lib/armv6-m/libc_nano.a(lib_a-nano-vfprintf_i.o)
 .text._printf_i
                0x00000000      0x244 /usr/local/sbin/gcc-arm-none-eabi-5_2-2015q4/bin/../lib/gcc/arm-none-eabi/5.2.1/../../../../arm-none-eabi/lib/armv6-m/libc_nano.a(lib_a-nano-vfprintf_i.o)
 .rodata.str1.1
                0x00000000       0x22 /usr/local/sbin/gcc-arm-none-eabi-5_2-2015q4/bin/../lib/gcc/arm-none-eabi/5.2.1/../../../../arm-none-eabi/lib/armv6-m/libc_nano.a(lib_a-nano-vfprintf_i.o)
 .debug_frame   0x00000000       0x54 /usr/local/sbin/gcc-arm-none-eabi-5_2-2015q4/bin/../lib/gcc/arm-none-eabi/5.2.1/../../../../arm-none-eabi/lib/armv6-m/libc_nano.a(lib_a-nano-vfprintf_i.o)
 .ARM.attributes
                0x00000000       0x2c /usr/local/sbin/gcc-arm-none-eabi-5_2-2015q4/bin/../lib/gcc/arm-none-eabi/5.2.1/../../../../arm-none-eabi/lib/armv6-m/libc_nano.a(lib_a-nano-vfprintf_i.o)
 .text          0x00000000        0x0 /usr/local/sbin/gcc-arm-none-eabi-5_2-2015q4/bin/../lib/gcc/arm-none-eabi/5.2.1/../../../../arm-none-eabi/lib/armv6-m/libc_nano.a(lib_a-sbrkr.o)
 .data          0x00000000        0x0 /usr/local/sbin/gcc-arm-none-eabi-5_2-2015q4/bin/../lib/gcc/arm-none-eabi/5.2.1/../../../../arm-none-eabi/lib/armv6-m/libc_nano.a(lib_a-sbrkr.o)
 .bss           0x00000000        0x0 /usr/local/sbin/gcc-arm-none-eabi-5_2-2015q4/bin/../lib/gcc/arm-none-eabi/5.2.1/../../../../arm-none-eabi/lib/armv6-m/libc_nano.a(lib_a-sbrkr.o)
 .text._sbrk_r  0x00000000       0x24 /usr/local/sbin/gcc-arm-none-eabi-5_2-2015q4/bin/../lib/gcc/arm-none-eabi/5.2.1/../../../../arm-none-eabi/lib/armv6-m/libc_nano.a(lib_a-sbrkr.o)
 .debug_frame   0x00000000       0x2c /usr/local/sbin/gcc-arm-none-eabi-5_2-2015q4/bin/../lib/gcc/arm-none-eabi/5.2.1/../../../../arm-none-eabi/lib/armv6-m/libc_nano.a(lib_a-sbrkr.o)
 .ARM.attributes
                0x00000000       0x2c /usr/local/sbin/gcc-arm-none-eabi-5_2-2015q4/bin/../lib/gcc/arm-none-eabi/5.2.1/../../../../arm-none-eabi/lib/armv6-m/libc_nano.a(lib_a-sbrkr.o)
 .text          0x00000000        0x0 /usr/local/sbin/gcc-arm-none-eabi-5_2-2015q4/bin/../lib/gcc/arm-none-eabi/5.2.1/../../../../arm-none-eabi/lib/armv6-m/libc_nano.a(lib_a-memchr-stub.o)
 .data          0x00000000        0x0 /usr/local/sbin/gcc-arm-none-eabi-5_2-2015q4/bin/../lib/gcc/arm-none-eabi/5.2.1/../../../../arm-none-eabi/lib/armv6-m/libc_nano.a(lib_a-memchr-stub.o)
 .bss           0x00000000        0x0 /usr/local/sbin/gcc-arm-none-eabi-5_2-2015q4/bin/../lib/gcc/arm-none-eabi/5.2.1/../../../../arm-none-eabi/lib/armv6-m/libc_nano.a(lib_a-memchr-stub.o)
 .text.memchr   0x00000000       0x16 /usr/local/sbin/gcc-arm-none-eabi-5_2-2015q4/bin/../lib/gcc/arm-none-eabi/5.2.1/../../../../arm-none-eabi/lib/armv6-m/libc_nano.a(lib_a-memchr-stub.o)
 .debug_frame   0x00000000       0x20 /usr/local/sbin/gcc-arm-none-eabi-5_2-2015q4/bin/../lib/gcc/arm-none-eabi/5.2.1/../../../../arm-none-eabi/lib/armv6-m/libc_nano.a(lib_a-memchr-stub.o)
 .ARM.attributes
                0x00000000       0x2c /usr/local/sbin/gcc-arm-none-eabi-5_2-2015q4/bin/../lib/gcc/arm-none-eabi/5.2.1/../../../../arm-none-eabi/lib/armv6-m/libc_nano.a(lib_a-memchr-stub.o)
 .text          0x00000000        0x0 /usr/local/sbin/gcc-arm-none-eabi-5_2-2015q4/bin/../lib/gcc/arm-none-eabi/5.2.1/../../../../arm-none-eabi/lib/armv6-m/libc_nano.a(lib_a-memcpy-stub.o)
 .data          0x00000000        0x0 /usr/local/sbin/gcc-arm-none-eabi-5_2-2015q4/bin/../lib/gcc/arm-none-eabi/5.2.1/../../../../arm-none-eabi/lib/armv6-m/libc_nano.a(lib_a-memcpy-stub.o)
 .bss           0x00000000        0x0 /usr/local/sbin/gcc-arm-none-eabi-5_2-2015q4/bin/../lib/gcc/arm-none-eabi/5.2.1/../../../../arm-none-eabi/lib/armv6-m/libc_nano.a(lib_a-memcpy-stub.o)
 .text.memcpy   0x00000000       0x12 /usr/local/sbin/gcc-arm-none-eabi-5_2-2015q4/bin/../lib/gcc/arm-none-eabi/5.2.1/../../../../arm-none-eabi/lib/armv6-m/libc_nano.a(lib_a-memcpy-stub.o)
 .debug_frame   0x00000000       0x28 /usr/local/sbin/gcc-arm-none-eabi-5_2-2015q4/bin/../lib/gcc/arm-none-eabi/5.2.1/../../../../arm-none-eabi/lib/armv6-m/libc_nano.a(lib_a-memcpy-stub.o)
 .ARM.attributes
                0x00000000       0x2c /usr/local/sbin/gcc-arm-none-eabi-5_2-2015q4/bin/../lib/gcc/arm-none-eabi/5.2.1/../../../../arm-none-eabi/lib/armv6-m/libc_nano.a(lib_a-memcpy-stub.o)
 .text          0x00000000        0x0 /usr/local/sbin/gcc-arm-none-eabi-5_2-2015q4/bin/../lib/gcc/arm-none-eabi/5.2.1/../../../../arm-none-eabi/lib/armv6-m/libc_nano.a(lib_a-memmove.o)
 .data          0x00000000        0x0 /usr/local/sbin/gcc-arm-none-eabi-5_2-2015q4/bin/../lib/gcc/arm-none-eabi/5.2.1/../../../../arm-none-eabi/lib/armv6-m/libc_nano.a(lib_a-memmove.o)
 .bss           0x00000000        0x0 /usr/local/sbin/gcc-arm-none-eabi-5_2-2015q4/bin/../lib/gcc/arm-none-eabi/5.2.1/../../../../arm-none-eabi/lib/armv6-m/libc_nano.a(lib_a-memmove.o)
 .text.memmove  0x00000000       0x2a /usr/local/sbin/gcc-arm-none-eabi-5_2-2015q4/bin/../lib/gcc/arm-none-eabi/5.2.1/../../../../arm-none-eabi/lib/armv6-m/libc_nano.a(lib_a-memmove.o)
 .debug_frame   0x00000000       0x28 /usr/local/sbin/gcc-arm-none-eabi-5_2-2015q4/bin/../lib/gcc/arm-none-eabi/5.2.1/../../../../arm-none-eabi/lib/armv6-m/libc_nano.a(lib_a-memmove.o)
 .ARM.attributes
                0x00000000       0x2c /usr/local/sbin/gcc-arm-none-eabi-5_2-2015q4/bin/../lib/gcc/arm-none-eabi/5.2.1/../../../../arm-none-eabi/lib/armv6-m/libc_nano.a(lib_a-memmove.o)
 .text          0x00000000        0x0 /usr/local/sbin/gcc-arm-none-eabi-5_2-2015q4/bin/../lib/gcc/arm-none-eabi/5.2.1/../../../../arm-none-eabi/lib/armv6-m/libc_nano.a(lib_a-nano-reallocr.o)
 .data          0x00000000        0x0 /usr/local/sbin/gcc-arm-none-eabi-5_2-2015q4/bin/../lib/gcc/arm-none-eabi/5.2.1/../../../../arm-none-eabi/lib/armv6-m/libc_nano.a(lib_a-nano-reallocr.o)
 .bss           0x00000000        0x0 /usr/local/sbin/gcc-arm-none-eabi-5_2-2015q4/bin/../lib/gcc/arm-none-eabi/5.2.1/../../../../arm-none-eabi/lib/armv6-m/libc_nano.a(lib_a-nano-reallocr.o)
 .text._realloc_r
                0x00000000       0x4c /usr/local/sbin/gcc-arm-none-eabi-5_2-2015q4/bin/../lib/gcc/arm-none-eabi/5.2.1/../../../../arm-none-eabi/lib/armv6-m/libc_nano.a(lib_a-nano-reallocr.o)
 .debug_frame   0x00000000       0x30 /usr/local/sbin/gcc-arm-none-eabi-5_2-2015q4/bin/../lib/gcc/arm-none-eabi/5.2.1/../../../../arm-none-eabi/lib/armv6-m/libc_nano.a(lib_a-nano-reallocr.o)
 .ARM.attributes
                0x00000000       0x2c /usr/local/sbin/gcc-arm-none-eabi-5_2-2015q4/bin/../lib/gcc/arm-none-eabi/5.2.1/../../../../arm-none-eabi/lib/armv6-m/libc_nano.a(lib_a-nano-reallocr.o)
 .text          0x00000000        0x0 /usr/local/sbin/gcc-arm-none-eabi-5_2-2015q4/bin/../lib/gcc/arm-none-eabi/5.2.1/../../../../arm-none-eabi/lib/armv6-m/libc_nano.a(lib_a-reent.o)
 .data          0x00000000        0x0 /usr/local/sbin/gcc-arm-none-eabi-5_2-2015q4/bin/../lib/gcc/arm-none-eabi/5.2.1/../../../../arm-none-eabi/lib/armv6-m/libc_nano.a(lib_a-reent.o)
 .bss           0x00000000        0x0 /usr/local/sbin/gcc-arm-none-eabi-5_2-2015q4/bin/../lib/gcc/arm-none-eabi/5.2.1/../../../../arm-none-eabi/lib/armv6-m/libc_nano.a(lib_a-reent.o)
 .text.cleanup_glue
                0x00000000       0x1a /usr/local/sbin/gcc-arm-none-eabi-5_2-2015q4/bin/../lib/gcc/arm-none-eabi/5.2.1/../../../../arm-none-eabi/lib/armv6-m/libc_nano.a(lib_a-reent.o)
 .text._reclaim_reent
                0x00000000       0xcc /usr/local/sbin/gcc-arm-none-eabi-5_2-2015q4/bin/../lib/gcc/arm-none-eabi/5.2.1/../../../../arm-none-eabi/lib/armv6-m/libc_nano.a(lib_a-reent.o)
 .debug_frame   0x00000000       0x48 /usr/local/sbin/gcc-arm-none-eabi-5_2-2015q4/bin/../lib/gcc/arm-none-eabi/5.2.1/../../../../arm-none-eabi/lib/armv6-m/libc_nano.a(lib_a-reent.o)
 .ARM.attributes
                0x00000000       0x2c /usr/local/sbin/gcc-arm-none-eabi-5_2-2015q4/bin/../lib/gcc/arm-none-eabi/5.2.1/../../../../arm-none-eabi/lib/armv6-m/libc_nano.a(lib_a-reent.o)
 COMMON         0x00000000        0x4 /usr/local/sbin/gcc-arm-none-eabi-5_2-2015q4/bin/../lib/gcc/arm-none-eabi/5.2.1/../../../../arm-none-eabi/lib/armv6-m/libc_nano.a(lib_a-reent.o)
 .text          0x00000000        0x0 /usr/local/sbin/gcc-arm-none-eabi-5_2-2015q4/bin/../lib/gcc/arm-none-eabi/5.2.1/../../../../arm-none-eabi/lib/armv6-m/libc_nano.a(lib_a-nano-msizer.o)
 .data          0x00000000        0x0 /usr/local/sbin/gcc-arm-none-eabi-5_2-2015q4/bin/../lib/gcc/arm-none-eabi/5.2.1/../../../../arm-none-eabi/lib/armv6-m/libc_nano.a(lib_a-nano-msizer.o)
 .bss           0x00000000        0x0 /usr/local/sbin/gcc-arm-none-eabi-5_2-2015q4/bin/../lib/gcc/arm-none-eabi/5.2.1/../../../../arm-none-eabi/lib/armv6-m/libc_nano.a(lib_a-nano-msizer.o)
 .text._malloc_usable_size_r
                0x00000000       0x16 /usr/local/sbin/gcc-arm-none-eabi-5_2-2015q4/bin/../lib/gcc/arm-none-eabi/5.2.1/../../../../arm-none-eabi/lib/armv6-m/libc_nano.a(lib_a-nano-msizer.o)
 .debug_frame   0x00000000       0x20 /usr/local/sbin/gcc-arm-none-eabi-5_2-2015q4/bin/../lib/gcc/arm-none-eabi/5.2.1/../../../../arm-none-eabi/lib/armv6-m/libc_nano.a(lib_a-nano-msizer.o)
 .ARM.attributes
                0x00000000       0x2c /usr/local/sbin/gcc-arm-none-eabi-5_2-2015q4/bin/../lib/gcc/arm-none-eabi/5.2.1/../../../../arm-none-eabi/lib/armv6-m/libc_nano.a(lib_a-nano-msizer.o)
 .text          0x00000000       0x58 /usr/local/sbin/gcc-arm-none-eabi-5_2-2015q4/bin/../lib/gcc/arm-none-eabi/5.2.1/armv6-m/libgcc.a(_muldi3.o)
 .data          0x00000000        0x0 /usr/local/sbin/gcc-arm-none-eabi-5_2-2015q4/bin/../lib/gcc/arm-none-eabi/5.2.1/armv6-m/libgcc.a(_muldi3.o)
 .bss           0x00000000        0x0 /usr/local/sbin/gcc-arm-none-eabi-5_2-2015q4/bin/../lib/gcc/arm-none-eabi/5.2.1/armv6-m/libgcc.a(_muldi3.o)
 .debug_frame   0x00000000       0x34 /usr/local/sbin/gcc-arm-none-eabi-5_2-2015q4/bin/../lib/gcc/arm-none-eabi/5.2.1/armv6-m/libgcc.a(_muldi3.o)
 .ARM.attributes
                0x00000000       0x2c /usr/local/sbin/gcc-arm-none-eabi-5_2-2015q4/bin/../lib/gcc/arm-none-eabi/5.2.1/armv6-m/libgcc.a(_muldi3.o)

Memory Configuration

Name             Origin             Length             Attributes
FLASH            0x08000000         0x00008000         xr
RAM              0x20000000         0x00001000         xrw
*default*        0x00000000         0xffffffff

Linker script and memory map

LOAD ./src/main.o
LOAD ./cmsis_boot/system_stm32f0xx.o
LOAD ./cmsis_boot/syscalls/syscalls.o
LOAD ./src/adc.o
LOAD ./src/dsp.o
LOAD ./src/flash_program.o
LOAD ./src/gpio.o
LOAD ./src/hard.o
LOAD ./src/it.o
LOAD ./src/tim.o
LOAD ./src/dma.o
LOAD ./cmsis_core/core_cm0.o
LOAD ./cmsis_boot/startup/startup_stm32f0xx.o
LOAD /usr/local/sbin/gcc-arm-none-eabi-5_2-2015q4/bin/../lib/gcc/arm-none-eabi/5.2.1/../../../../arm-none-eabi/lib/armv6-m/libm.a
START GROUP
LOAD /usr/local/sbin/gcc-arm-none-eabi-5_2-2015q4/bin/../lib/gcc/arm-none-eabi/5.2.1/armv6-m/libgcc.a
LOAD /usr/local/sbin/gcc-arm-none-eabi-5_2-2015q4/bin/../lib/gcc/arm-none-eabi/5.2.1/../../../../arm-none-eabi/lib/armv6-m/libc_nano.a
END GROUP
START GROUP
LOAD /usr/local/sbin/gcc-arm-none-eabi-5_2-2015q4/bin/../lib/gcc/arm-none-eabi/5.2.1/armv6-m/libgcc.a
LOAD /usr/local/sbin/gcc-arm-none-eabi-5_2-2015q4/bin/../lib/gcc/arm-none-eabi/5.2.1/../../../../arm-none-eabi/lib/armv6-m/libc_nano.a
END GROUP
                0x20000fff                _estack = 0x20000fff
                0x00000000                _Min_Heap_Size = 0x0
                0x00000200                _Min_Stack_Size = 0x200

.isr_vector     0x08000000       0xc4
                0x08000000                . = ALIGN (0x4)
 *(.isr_vector)
 .isr_vector    0x08000000       0xc4 ./cmsis_boot/startup/startup_stm32f0xx.o
                0x08000000                g_pfnVectors
                0x080000c4                . = ALIGN (0x4)

.text           0x080000c4      0x808
                0x080000c4                . = ALIGN (0x4)
 *(.text)
 *(.text*)
 .text.NVIC_SetPriority
                0x080000c4       0xec ./src/main.o
 .text.SysTick_Config
                0x080001b0       0x48 ./src/main.o
 .text.main     0x080001f8      0x148 ./src/main.o
                0x080001f8                main
 .text.TimingDelay_Decrement
                0x08000340       0x74 ./src/main.o
                0x08000340                TimingDelay_Decrement
 .text.EXTI4_15_IRQHandler
                0x080003b4        0x4 ./src/main.o
                0x080003b4                EXTI4_15_IRQHandler
 .text.SystemInit
                0x080003b8       0x88 ./cmsis_boot/system_stm32f0xx.o
                0x080003b8                SystemInit
 .text.SetSysClockInternalRC
                0x08000440       0xac ./cmsis_boot/system_stm32f0xx.o
                0x08000440                SetSysClockInternalRC
 .text.AdcConfig
                0x080004ec       0xa0 ./src/adc.o
                0x080004ec                AdcConfig
 .text.ADCGetCalibrationFactor
                0x0800058c       0x5c ./src/adc.o
                0x0800058c                ADCGetCalibrationFactor
 .text.MA32Circular_Start
                0x080005e8       0x14 ./src/dsp.o
                0x080005e8                MA32Circular_Start
 .text.MA32Circular_Reset
                0x080005fc       0x44 ./src/dsp.o
                0x080005fc                MA32Circular_Reset
 .text.GPIO_Config
                0x08000640       0x90 ./src/gpio.o
                0x08000640                GPIO_Config
 .text.NMI_Handler
                0x080006d0        0x4 ./src/it.o
                0x080006d0                NMI_Handler
 .text.HardFault_Handler
                0x080006d4        0x4 ./src/it.o
                0x080006d4                HardFault_Handler
 .text.SVC_Handler
                0x080006d8        0x4 ./src/it.o
                0x080006d8                SVC_Handler
 .text.PendSV_Handler
                0x080006dc        0x4 ./src/it.o
                0x080006dc                PendSV_Handler
 .text.SysTick_Handler
                0x080006e0        0xc ./src/it.o
                0x080006e0                SysTick_Handler
 .text.Update_TIM3_CH1
                0x080006ec       0x20 ./src/tim.o
                0x080006ec                Update_TIM3_CH1
 .text.TIM_3_Init
                0x0800070c       0xac ./src/tim.o
                0x0800070c                TIM_3_Init
 .text.TIM3_IRQHandler
                0x080007b8       0x1c ./src/tim.o
                0x080007b8                TIM3_IRQHandler
 .text.TIM14_IRQHandler
                0x080007d4       0x1c ./src/tim.o
                0x080007d4                TIM14_IRQHandler
 .text.TIM16_IRQHandler
                0x080007f0       0x1c ./src/tim.o
                0x080007f0                TIM16_IRQHandler
 .text.TIM17_IRQHandler
                0x0800080c       0x1c ./src/tim.o
                0x0800080c                TIM17_IRQHandler
 .text.DMAConfig
                0x08000828       0x5c ./src/dma.o
                0x08000828                DMAConfig
 .text.Reset_Handler
                0x08000884       0x44 ./cmsis_boot/startup/startup_stm32f0xx.o
                0x08000884                Reset_Handler
 .text.Default_Handler
                0x080008c8        0x2 ./cmsis_boot/startup/startup_stm32f0xx.o
                0x080008c8                TIM1_CC_IRQHandler
                0x080008c8                ADC1_COMP_IRQHandler
                0x080008c8                PVD_IRQHandler
                0x080008c8                I2C1_IRQHandler
                0x080008c8                SPI1_IRQHandler
                0x080008c8                TIM6_DAC_IRQHandler
                0x080008c8                EXTI2_3_IRQHandler
                0x080008c8                I2C2_IRQHandler
                0x080008c8                RTC_IRQHandler
                0x080008c8                RCC_IRQHandler
                0x080008c8                DMA1_Channel1_IRQHandler
                0x080008c8                Default_Handler
                0x080008c8                CEC_IRQHandler
                0x080008c8                DMA1_Channel4_5_IRQHandler
                0x080008c8                TIM15_IRQHandler
                0x080008c8                EXTI0_1_IRQHandler
                0x080008c8                SPI2_IRQHandler
                0x080008c8                TS_IRQHandler
                0x080008c8                WWDG_IRQHandler
                0x080008c8                TIM2_IRQHandler
                0x080008c8                DMA1_Channel2_3_IRQHandler
                0x080008c8                USART2_IRQHandler
                0x080008c8                FLASH_IRQHandler
                0x080008c8                USART1_IRQHandler
                0x080008c8                TIM1_BRK_UP_TRG_COM_IRQHandler
 *(.glue_7)
 .glue_7        0x080008ca        0x0 linker stubs
 *(.glue_7t)
 .glue_7t       0x080008ca        0x0 linker stubs
 *(.eh_frame)
 *(.init)
 *(.fini)
                0x080008cc                . = ALIGN (0x4)
 *fill*         0x080008ca        0x2 
                0x080008cc                _etext = .

.vfp11_veneer   0x080008cc        0x0
 .vfp11_veneer  0x080008cc        0x0 linker stubs

.v4_bx          0x080008cc        0x0
 .v4_bx         0x080008cc        0x0 linker stubs

.iplt           0x080008cc        0x0
 .iplt          0x080008cc        0x0 ./src/main.o

.rel.dyn        0x080008cc        0x0
 .rel.iplt      0x080008cc        0x0 ./src/main.o

.rodata         0x080008cc        0x0
                0x080008cc                . = ALIGN (0x4)
 *(.rodata)
 *(.rodata*)
                0x080008cc                . = ALIGN (0x4)

.ARM.extab
 *(.ARM.extab* .gnu.linkonce.armextab.*)

.ARM            0x080008cc        0x0
                0x080008cc                __exidx_start = .
 *(.ARM.exidx*)
                0x080008cc                __exidx_end = .

.preinit_array  0x080008cc        0x0
                [!provide]                PROVIDE (__preinit_array_start, .)
 *(.preinit_array*)
                [!provide]                PROVIDE (__preinit_array_end, .)

.init_array     0x080008cc        0x0
                [!provide]                PROVIDE (__init_array_start, .)
 *(SORT(.init_array.*))
 *(.init_array*)
                [!provide]                PROVIDE (__init_array_end, .)

.fini_array     0x080008cc        0x0
                [!provide]                PROVIDE (__fini_array_start, .)
 *(SORT(.fini_array.*))
 *(.fini_array*)
                [!provide]                PROVIDE (__fini_array_end, .)
                0x080008cc                _sidata = LOADADDR (.data)

.data           0x20000000      0x1e0 load address 0x080008cc
                0x20000000                . = ALIGN (0x4)
                0x20000000                _sdata = .
 *(.data)
 *(.data*)
 .data.mem_signal
                0x20000000      0x1e0 ./src/main.o
                0x20000000                mem_signal
                0x200001e0                . = ALIGN (0x4)
                0x200001e0                _edata = .

.igot.plt       0x200001e0        0x0 load address 0x08000aac
 .igot.plt      0x200001e0        0x0 ./src/main.o
                0x200001e0                . = ALIGN (0x4)

.bss            0x200001e0       0x74 load address 0x08000aac
                0x200001e0                _sbss = .
                0x200001e0                __bss_start__ = _sbss
 *(.bss)
 *(.bss*)
 .bss.timer_led
                0x200001e0        0x2 ./src/main.o
                0x200001e0                timer_led
 .bss.wait_ms_var
                0x200001e2        0x2 ./src/main.o
                0x200001e2                wait_ms_var
 .bss.timer_filters
                0x200001e4        0x1 ./src/main.o
                0x200001e4                timer_filters
 *(COMMON)
 *fill*         0x200001e5        0x3 
 COMMON         0x200001e8       0x12 ./src/main.o
                0x200001e8                adc_ch
                0x200001f4                p_signal
                0x200001f8                timer_standby
 *fill*         0x200001fa        0x2 
 COMMON         0x200001fc       0x58 ./src/dsp.o
                0x200001fc                v_ma8
                0x2000020c                p_ma8
                0x20000210                v_ma_circular
                0x20000250                p_ma_circular
                0x20000254                . = ALIGN (0x4)
                0x20000254                _ebss = .
                0x20000254                __bss_end__ = _ebss

._user_heap_stack
                0x20000254      0x200 load address 0x08000aac
                0x20000254                . = ALIGN (0x4)
                [!provide]                PROVIDE (end, .)
                0x20000254                PROVIDE (_end, .)
                0x20000254                . = (. + _Min_Heap_Size)
                0x20000454                . = (. + _Min_Stack_Size)
 *fill*         0x20000254      0x200 
                0x20000454                . = ALIGN (0x4)

/DISCARD/
 libc.a(*)
 libm.a(*)
 libgcc.a(*)

.ARM.attributes
                0x00000000       0x2f
 *(.ARM.attributes)
 .ARM.attributes
                0x00000000       0x31 ./src/main.o
 .ARM.attributes
                0x00000031       0x31 ./cmsis_boot/system_stm32f0xx.o
 .ARM.attributes
                0x00000062       0x31 ./src/adc.o
 .ARM.attributes
                0x00000093       0x31 ./src/dsp.o
 .ARM.attributes
                0x000000c4       0x31 ./src/gpio.o
 .ARM.attributes
                0x000000f5       0x31 ./src/it.o
 .ARM.attributes
                0x00000126       0x31 ./src/tim.o
 .ARM.attributes
                0x00000157       0x31 ./src/dma.o
 .ARM.attributes
                0x00000188       0x21 ./cmsis_boot/startup/startup_stm32f0xx.o
OUTPUT(Template_F030_rom.elf elf32-littlearm)

.debug_info     0x00000000     0x2660
 .debug_info    0x00000000      0x82e ./src/main.o
 .debug_info    0x0000082e      0x34f ./cmsis_boot/system_stm32f0xx.o
 .debug_info    0x00000b7d      0x36d ./src/adc.o
 .debug_info    0x00000eea      0x5a4 ./src/dsp.o
 .debug_info    0x0000148e      0x2b6 ./src/gpio.o
 .debug_info    0x00001744       0xe1 ./src/it.o
 .debug_info    0x00001825      0xab3 ./src/tim.o
 .debug_info    0x000022d8      0x30d ./src/dma.o
 .debug_info    0x000025e5       0x7b ./cmsis_boot/startup/startup_stm32f0xx.o

.debug_abbrev   0x00000000      0x97b
 .debug_abbrev  0x00000000      0x1b5 ./src/main.o
 .debug_abbrev  0x000001b5      0x152 ./cmsis_boot/system_stm32f0xx.o
 .debug_abbrev  0x00000307      0x131 ./src/adc.o
 .debug_abbrev  0x00000438      0x17f ./src/dsp.o
 .debug_abbrev  0x000005b7       0xb1 ./src/gpio.o
 .debug_abbrev  0x00000668       0x5c ./src/it.o
 .debug_abbrev  0x000006c4      0x1ed ./src/tim.o
 .debug_abbrev  0x000008b1       0xb8 ./src/dma.o
 .debug_abbrev  0x00000969       0x12 ./cmsis_boot/startup/startup_stm32f0xx.o

.debug_loc      0x00000000      0x5a0
 .debug_loc     0x00000000       0x84 ./src/main.o
 .debug_loc     0x00000084       0x6c ./cmsis_boot/system_stm32f0xx.o
 .debug_loc     0x000000f0       0xa0 ./src/adc.o
 .debug_loc     0x00000190      0x204 ./src/dsp.o
 .debug_loc     0x00000394       0x20 ./src/gpio.o
 .debug_loc     0x000003b4       0x20 ./src/it.o
 .debug_loc     0x000003d4      0x1cc ./src/tim.o

.debug_aranges  0x00000000      0x2f0
 .debug_aranges
                0x00000000       0x40 ./src/main.o
 .debug_aranges
                0x00000040       0x38 ./cmsis_boot/system_stm32f0xx.o
 .debug_aranges
                0x00000078       0x40 ./src/adc.o
 .debug_aranges
                0x000000b8       0x98 ./src/dsp.o
 .debug_aranges
                0x00000150       0x20 ./src/gpio.o
 .debug_aranges
                0x00000170       0x40 ./src/it.o
 .debug_aranges
                0x000001b0       0xe8 ./src/tim.o
 .debug_aranges
                0x00000298       0x30 ./src/dma.o
 .debug_aranges
                0x000002c8       0x28 ./cmsis_boot/startup/startup_stm32f0xx.o

.debug_ranges   0x00000000      0x268
 .debug_ranges  0x00000000       0x30 ./src/main.o
 .debug_ranges  0x00000030       0x28 ./cmsis_boot/system_stm32f0xx.o
 .debug_ranges  0x00000058       0x30 ./src/adc.o
 .debug_ranges  0x00000088       0x88 ./src/dsp.o
 .debug_ranges  0x00000110       0x10 ./src/gpio.o
 .debug_ranges  0x00000120       0x30 ./src/it.o
 .debug_ranges  0x00000150       0xd8 ./src/tim.o
 .debug_ranges  0x00000228       0x20 ./src/dma.o
 .debug_ranges  0x00000248       0x20 ./cmsis_boot/startup/startup_stm32f0xx.o

.debug_line     0x00000000      0xe29
 .debug_line    0x00000000      0x1cc ./src/main.o
 .debug_line    0x000001cc      0x1df ./cmsis_boot/system_stm32f0xx.o
 .debug_line    0x000003ab      0x1a8 ./src/adc.o
 .debug_line    0x00000553      0x214 ./src/dsp.o
 .debug_line    0x00000767      0x11c ./src/gpio.o
 .debug_line    0x00000883       0x7f ./src/it.o
 .debug_line    0x00000902      0x36e ./src/tim.o
 .debug_line    0x00000c70      0x134 ./src/dma.o
 .debug_line    0x00000da4       0x85 ./cmsis_boot/startup/startup_stm32f0xx.o

.debug_str      0x00000000      0xbec
 .debug_str     0x00000000      0x585 ./src/main.o
                                0x5d5 (size before relaxing)
 .debug_str     0x00000585      0x139 ./cmsis_boot/system_stm32f0xx.o
                                0x2db (size before relaxing)
 .debug_str     0x000006be       0x99 ./src/adc.o
                                0x2c7 (size before relaxing)
 .debug_str     0x00000757      0x1cc ./src/dsp.o
                                0x352 (size before relaxing)
 .debug_str     0x00000923       0x1c ./src/gpio.o
                                0x258 (size before relaxing)
 .debug_str     0x0000093f       0x52 ./src/it.o
                                0x1b9 (size before relaxing)
 .debug_str     0x00000991      0x220 ./src/tim.o
                                0x675 (size before relaxing)
 .debug_str     0x00000bb1       0x3b ./src/dma.o
                                0x27a (size before relaxing)

.comment        0x00000000       0x6e
 .comment       0x00000000       0x6e ./src/main.o
                                 0x6f (size before relaxing)
 .comment       0x0000006e       0x6f ./cmsis_boot/system_stm32f0xx.o
 .comment       0x0000006e       0x6f ./src/adc.o
 .comment       0x0000006e       0x6f ./src/dsp.o
 .comment       0x0000006e       0x6f ./src/gpio.o
 .comment       0x0000006e       0x6f ./src/it.o
 .comment       0x0000006e       0x6f ./src/tim.o
 .comment       0x0000006e       0x6f ./src/dma.o

.debug_frame    0x00000000      0x5a0
 .debug_frame   0x00000000       0x88 ./src/main.o
 .debug_frame   0x00000088       0x6c ./cmsis_boot/system_stm32f0xx.o
 .debug_frame   0x000000f4       0x7c ./src/adc.o
 .debug_frame   0x00000170      0x164 ./src/dsp.o
 .debug_frame   0x000002d4       0x24 ./src/gpio.o
 .debug_frame   0x000002f8       0x6c ./src/it.o
 .debug_frame   0x00000364      0x1fc ./src/tim.o
 .debug_frame   0x00000560       0x40 ./src/dma.o

Cross Reference Table

Symbol                                            File
ADC1_COMP_IRQHandler                              ./cmsis_boot/startup/startup_stm32f0xx.o
ADCGetCalibrationFactor                           ./src/adc.o
AHBPrescTable                                     ./cmsis_boot/system_stm32f0xx.o
AdcConfig                                         ./src/adc.o
                                                  ./src/main.o
BackupPage                                        ./src/flash_program.o
CEC_IRQHandler                                    ./cmsis_boot/startup/startup_stm32f0xx.o
ChangeLed                                         ./src/hard.o
DMA1_Channel1_IRQHandler                          ./cmsis_boot/startup/startup_stm32f0xx.o
DMA1_Channel2_3_IRQHandler                        ./cmsis_boot/startup/startup_stm32f0xx.o
DMA1_Channel4_5_IRQHandler                        ./cmsis_boot/startup/startup_stm32f0xx.o
DMAConfig                                         ./src/dma.o
                                                  ./src/main.o
DMADisableInterrupt                               ./src/dma.o
DMAEnableInterrupt                                ./src/dma.o
Default_Handler                                   ./cmsis_boot/startup/startup_stm32f0xx.o
EXTI0_1_IRQHandler                                ./cmsis_boot/startup/startup_stm32f0xx.o
EXTI2_3_IRQHandler                                ./cmsis_boot/startup/startup_stm32f0xx.o
EXTI4_15_IRQHandler                               ./src/main.o
EraseAllMemory_FLASH                              ./src/flash_program.o
ErasePage                                         ./src/flash_program.o
FLASH_ErasePage                                   ./src/flash_program.o
FLASH_GetStatus                                   ./src/flash_program.o
FLASH_IRQHandler                                  ./cmsis_boot/startup/startup_stm32f0xx.o
FLASH_Lock                                        ./src/flash_program.o
FLASH_ProgramWord                                 ./src/flash_program.o
FLASH_Unlock                                      ./src/flash_program.o
FLASH_WaitForLastOperation                        ./src/flash_program.o
GPIO_Config                                       ./src/gpio.o
                                                  ./src/main.o
GetFlashConf                                      ./src/flash_program.o
HardFault_Handler                                 ./src/it.o
Hard_Get_Conduction_Angle                         ./src/hard.o
Hard_Get_Hidden_Value                             ./src/hard.o
Hard_Reset_Voltage_Filter                         ./src/hard.o
Hard_Update_Voltage_Sense                         ./src/hard.o
I2C1_IRQHandler                                   ./cmsis_boot/startup/startup_stm32f0xx.o
I2C2_IRQHandler                                   ./cmsis_boot/startup/startup_stm32f0xx.o
MA32Circular_Calc                                 ./src/dsp.o
MA32Circular_Load                                 ./src/dsp.o
MA32Circular_Reset                                ./src/dsp.o
                                                  ./src/main.o
MA32Circular_Start                                ./src/dsp.o
MA8Circular                                       ./src/dsp.o
                                                  ./src/hard.o
MA8Circular_Only_Calc                             ./src/dsp.o
MA8Circular_Only_Load                             ./src/dsp.o
MA8Circular_Reset                                 ./src/dsp.o
                                                  ./src/hard.o
MAFilter32                                        ./src/dsp.o
MAFilter32Circular                                ./src/dsp.o
MAFilter32Fast                                    ./src/dsp.o
MAFilter8                                         ./src/dsp.o
MAFilterFast                                      ./src/dsp.o
NMI_Handler                                       ./src/it.o
OneShootTIM16                                     ./src/tim.o
PID                                               ./src/dsp.o
PID_roof                                          ./src/dsp.o
PVD_IRQHandler                                    ./cmsis_boot/startup/startup_stm32f0xx.o
PendSV_Handler                                    ./src/it.o
RCC_IRQHandler                                    ./cmsis_boot/startup/startup_stm32f0xx.o
RTC_IRQHandler                                    ./cmsis_boot/startup/startup_stm32f0xx.o
RandomGen                                         ./src/dsp.o
ReadADC1Check                                     ./src/adc.o
ReadADC1_SameSampleTime                           ./src/adc.o
Reset_Handler                                     ./cmsis_boot/startup/startup_stm32f0xx.o
SPI1_IRQHandler                                   ./cmsis_boot/startup/startup_stm32f0xx.o
SPI2_IRQHandler                                   ./cmsis_boot/startup/startup_stm32f0xx.o
SVC_Handler                                       ./src/it.o
SetADC1_SampleTime                                ./src/adc.o
SetSysClockInternalRC                             ./cmsis_boot/system_stm32f0xx.o
SysTick_Handler                                   ./src/it.o
SystemCoreClock                                   ./cmsis_boot/system_stm32f0xx.o
SystemCoreClockUpdate                             ./cmsis_boot/system_stm32f0xx.o
SystemInit                                        ./cmsis_boot/system_stm32f0xx.o
                                                  ./cmsis_boot/startup/startup_stm32f0xx.o
TIM14_IRQHandler                                  ./src/tim.o
TIM15_IRQHandler                                  ./cmsis_boot/startup/startup_stm32f0xx.o
TIM16Disable                                      ./src/tim.o
TIM16Enable                                       ./src/tim.o
TIM16_IRQHandler                                  ./src/tim.o
TIM17Disable                                      ./src/tim.o
TIM17Enable                                       ./src/tim.o
TIM17_IRQHandler                                  ./src/tim.o
TIM1_BRK_UP_TRG_COM_IRQHandler                    ./cmsis_boot/startup/startup_stm32f0xx.o
TIM1_CC_IRQHandler                                ./cmsis_boot/startup/startup_stm32f0xx.o
TIM2_IRQHandler                                   ./cmsis_boot/startup/startup_stm32f0xx.o
TIM3_IRQHandler                                   ./src/tim.o
TIM6Disable                                       ./src/tim.o
TIM6Enable                                        ./src/tim.o
TIM6_DAC_IRQHandler                               ./cmsis_boot/startup/startup_stm32f0xx.o
TIM_14_Init                                       ./src/tim.o
TIM_16_Init                                       ./src/tim.o
TIM_17_Init                                       ./src/tim.o
TIM_1_Init                                        ./src/tim.o
TIM_3_Init                                        ./src/tim.o
                                                  ./src/main.o
TIM_6_Init                                        ./src/tim.o
TS_IRQHandler                                     ./cmsis_boot/startup/startup_stm32f0xx.o
TimingDelay_Decrement                             ./src/main.o
                                                  ./src/it.o
USART1_IRQHandler                                 ./cmsis_boot/startup/startup_stm32f0xx.o
USART2_IRQHandler                                 ./cmsis_boot/startup/startup_stm32f0xx.o
UpdateLed                                         ./src/hard.o
Update_TIM14_CH1                                  ./src/tim.o
Update_TIM1_CH3                                   ./src/tim.o
Update_TIM3_CH1                                   ./src/tim.o
                                                  ./src/main.o
Update_TIM3_CH2                                   ./src/tim.o
Update_TIM3_CH3                                   ./src/tim.o
Update_TIM3_CH4                                   ./src/tim.o
Usart1Send                                        ./src/hard.o
WWDG_IRQHandler                                   ./cmsis_boot/startup/startup_stm32f0xx.o
Wait_ms                                           ./src/tim.o
                                                  ./src/hard.o
WelcomeCodeFeatures                               ./src/hard.o
WriteConfigurations                               ./src/flash_program.o
WriteFlash                                        ./src/flash_program.o
WritePage                                         ./src/flash_program.o
__REV                                             ./cmsis_core/core_cm0.o
__REV16                                           ./cmsis_core/core_cm0.o
__REVSH                                           ./cmsis_core/core_cm0.o
__aeabi_idiv0                                     /usr/local/sbin/gcc-arm-none-eabi-5_2-2015q4/bin/../lib/gcc/arm-none-eabi/5.2.1/armv6-m/libgcc.a(_dvmd_tls.o)
                                                  /usr/local/sbin/gcc-arm-none-eabi-5_2-2015q4/bin/../lib/gcc/arm-none-eabi/5.2.1/armv6-m/libgcc.a(_udivsi3.o)
__aeabi_ldiv0                                     /usr/local/sbin/gcc-arm-none-eabi-5_2-2015q4/bin/../lib/gcc/arm-none-eabi/5.2.1/armv6-m/libgcc.a(_dvmd_tls.o)
__aeabi_lmul                                      /usr/local/sbin/gcc-arm-none-eabi-5_2-2015q4/bin/../lib/gcc/arm-none-eabi/5.2.1/armv6-m/libgcc.a(_muldi3.o)
                                                  /usr/local/sbin/gcc-arm-none-eabi-5_2-2015q4/bin/../lib/gcc/arm-none-eabi/5.2.1/../../../../arm-none-eabi/lib/armv6-m/libc_nano.a(lib_a-rand.o)
__aeabi_uidiv                                     /usr/local/sbin/gcc-arm-none-eabi-5_2-2015q4/bin/../lib/gcc/arm-none-eabi/5.2.1/armv6-m/libgcc.a(_udivsi3.o)
                                                  /usr/local/sbin/gcc-arm-none-eabi-5_2-2015q4/bin/../lib/gcc/arm-none-eabi/5.2.1/../../../../arm-none-eabi/lib/armv6-m/libc_nano.a(lib_a-nano-vfprintf_i.o)
                                                  ./src/hard.o
                                                  ./cmsis_boot/system_stm32f0xx.o
__aeabi_uidivmod                                  /usr/local/sbin/gcc-arm-none-eabi-5_2-2015q4/bin/../lib/gcc/arm-none-eabi/5.2.1/armv6-m/libgcc.a(_udivsi3.o)
                                                  /usr/local/sbin/gcc-arm-none-eabi-5_2-2015q4/bin/../lib/gcc/arm-none-eabi/5.2.1/../../../../arm-none-eabi/lib/armv6-m/libc_nano.a(lib_a-nano-vfprintf_i.o)
__get_CONTROL                                     ./cmsis_core/core_cm0.o
__get_MSP                                         ./cmsis_core/core_cm0.o
__get_PRIMASK                                     ./cmsis_core/core_cm0.o
__get_PSP                                         ./cmsis_core/core_cm0.o
__malloc_free_list                                /usr/local/sbin/gcc-arm-none-eabi-5_2-2015q4/bin/../lib/gcc/arm-none-eabi/5.2.1/../../../../arm-none-eabi/lib/armv6-m/libc_nano.a(lib_a-nano-mallocr.o)
                                                  /usr/local/sbin/gcc-arm-none-eabi-5_2-2015q4/bin/../lib/gcc/arm-none-eabi/5.2.1/../../../../arm-none-eabi/lib/armv6-m/libc_nano.a(lib_a-nano-freer.o)
__malloc_sbrk_start                               /usr/local/sbin/gcc-arm-none-eabi-5_2-2015q4/bin/../lib/gcc/arm-none-eabi/5.2.1/../../../../arm-none-eabi/lib/armv6-m/libc_nano.a(lib_a-nano-mallocr.o)
__muldi3                                          /usr/local/sbin/gcc-arm-none-eabi-5_2-2015q4/bin/../lib/gcc/arm-none-eabi/5.2.1/armv6-m/libgcc.a(_muldi3.o)
__set_CONTROL                                     ./cmsis_core/core_cm0.o
__set_MSP                                         ./cmsis_core/core_cm0.o
__set_PRIMASK                                     ./cmsis_core/core_cm0.o
__set_PSP                                         ./cmsis_core/core_cm0.o
__sf_fake_stderr                                  /usr/local/sbin/gcc-arm-none-eabi-5_2-2015q4/bin/../lib/gcc/arm-none-eabi/5.2.1/../../../../arm-none-eabi/lib/armv6-m/libc_nano.a(lib_a-impure.o)
__sf_fake_stdin                                   /usr/local/sbin/gcc-arm-none-eabi-5_2-2015q4/bin/../lib/gcc/arm-none-eabi/5.2.1/../../../../arm-none-eabi/lib/armv6-m/libc_nano.a(lib_a-impure.o)
__sf_fake_stdout                                  /usr/local/sbin/gcc-arm-none-eabi-5_2-2015q4/bin/../lib/gcc/arm-none-eabi/5.2.1/../../../../arm-none-eabi/lib/armv6-m/libc_nano.a(lib_a-impure.o)
__ssprint_r                                       /usr/local/sbin/gcc-arm-none-eabi-5_2-2015q4/bin/../lib/gcc/arm-none-eabi/5.2.1/../../../../arm-none-eabi/lib/armv6-m/libc_nano.a(lib_a-nano-svfprintf.o)
__ssputs_r                                        /usr/local/sbin/gcc-arm-none-eabi-5_2-2015q4/bin/../lib/gcc/arm-none-eabi/5.2.1/../../../../arm-none-eabi/lib/armv6-m/libc_nano.a(lib_a-nano-svfprintf.o)
__udivsi3                                         /usr/local/sbin/gcc-arm-none-eabi-5_2-2015q4/bin/../lib/gcc/arm-none-eabi/5.2.1/armv6-m/libgcc.a(_udivsi3.o)
_close                                            ./cmsis_boot/syscalls/syscalls.o
_ebss                                             ./cmsis_boot/startup/startup_stm32f0xx.o
_edata                                            ./cmsis_boot/startup/startup_stm32f0xx.o
_end                                              ./cmsis_boot/syscalls/syscalls.o
_estack                                           ./cmsis_boot/startup/startup_stm32f0xx.o
_free_r                                           /usr/local/sbin/gcc-arm-none-eabi-5_2-2015q4/bin/../lib/gcc/arm-none-eabi/5.2.1/../../../../arm-none-eabi/lib/armv6-m/libc_nano.a(lib_a-nano-freer.o)
                                                  /usr/local/sbin/gcc-arm-none-eabi-5_2-2015q4/bin/../lib/gcc/arm-none-eabi/5.2.1/../../../../arm-none-eabi/lib/armv6-m/libc_nano.a(lib_a-reent.o)
                                                  /usr/local/sbin/gcc-arm-none-eabi-5_2-2015q4/bin/../lib/gcc/arm-none-eabi/5.2.1/../../../../arm-none-eabi/lib/armv6-m/libc_nano.a(lib_a-nano-reallocr.o)
                                                  /usr/local/sbin/gcc-arm-none-eabi-5_2-2015q4/bin/../lib/gcc/arm-none-eabi/5.2.1/../../../../arm-none-eabi/lib/armv6-m/libc_nano.a(lib_a-nano-svfprintf.o)
                                                  /usr/local/sbin/gcc-arm-none-eabi-5_2-2015q4/bin/../lib/gcc/arm-none-eabi/5.2.1/../../../../arm-none-eabi/lib/armv6-m/libc_nano.a(lib_a-malloc.o)
_fstat                                            ./cmsis_boot/syscalls/syscalls.o
_global_impure_ptr                                /usr/local/sbin/gcc-arm-none-eabi-5_2-2015q4/bin/../lib/gcc/arm-none-eabi/5.2.1/../../../../arm-none-eabi/lib/armv6-m/libc_nano.a(lib_a-impure.o)
_impure_ptr                                       /usr/local/sbin/gcc-arm-none-eabi-5_2-2015q4/bin/../lib/gcc/arm-none-eabi/5.2.1/../../../../arm-none-eabi/lib/armv6-m/libc_nano.a(lib_a-impure.o)
                                                  /usr/local/sbin/gcc-arm-none-eabi-5_2-2015q4/bin/../lib/gcc/arm-none-eabi/5.2.1/../../../../arm-none-eabi/lib/armv6-m/libc_nano.a(lib_a-reent.o)
                                                  /usr/local/sbin/gcc-arm-none-eabi-5_2-2015q4/bin/../lib/gcc/arm-none-eabi/5.2.1/../../../../arm-none-eabi/lib/armv6-m/libc_nano.a(lib_a-malloc.o)
                                                  /usr/local/sbin/gcc-arm-none-eabi-5_2-2015q4/bin/../lib/gcc/arm-none-eabi/5.2.1/../../../../arm-none-eabi/lib/armv6-m/libc_nano.a(lib_a-sprintf.o)
                                                  /usr/local/sbin/gcc-arm-none-eabi-5_2-2015q4/bin/../lib/gcc/arm-none-eabi/5.2.1/../../../../arm-none-eabi/lib/armv6-m/libc_nano.a(lib_a-rand.o)
_isatty                                           ./cmsis_boot/syscalls/syscalls.o
_lseek                                            ./cmsis_boot/syscalls/syscalls.o
_malloc_r                                         /usr/local/sbin/gcc-arm-none-eabi-5_2-2015q4/bin/../lib/gcc/arm-none-eabi/5.2.1/../../../../arm-none-eabi/lib/armv6-m/libc_nano.a(lib_a-nano-mallocr.o)
                                                  /usr/local/sbin/gcc-arm-none-eabi-5_2-2015q4/bin/../lib/gcc/arm-none-eabi/5.2.1/../../../../arm-none-eabi/lib/armv6-m/libc_nano.a(lib_a-nano-reallocr.o)
                                                  /usr/local/sbin/gcc-arm-none-eabi-5_2-2015q4/bin/../lib/gcc/arm-none-eabi/5.2.1/../../../../arm-none-eabi/lib/armv6-m/libc_nano.a(lib_a-nano-svfprintf.o)
                                                  /usr/local/sbin/gcc-arm-none-eabi-5_2-2015q4/bin/../lib/gcc/arm-none-eabi/5.2.1/../../../../arm-none-eabi/lib/armv6-m/libc_nano.a(lib_a-malloc.o)
_malloc_usable_size_r                             /usr/local/sbin/gcc-arm-none-eabi-5_2-2015q4/bin/../lib/gcc/arm-none-eabi/5.2.1/../../../../arm-none-eabi/lib/armv6-m/libc_nano.a(lib_a-nano-msizer.o)
                                                  /usr/local/sbin/gcc-arm-none-eabi-5_2-2015q4/bin/../lib/gcc/arm-none-eabi/5.2.1/../../../../arm-none-eabi/lib/armv6-m/libc_nano.a(lib_a-nano-reallocr.o)
_printf_common                                    /usr/local/sbin/gcc-arm-none-eabi-5_2-2015q4/bin/../lib/gcc/arm-none-eabi/5.2.1/../../../../arm-none-eabi/lib/armv6-m/libc_nano.a(lib_a-nano-vfprintf_i.o)
_printf_float                                     /usr/local/sbin/gcc-arm-none-eabi-5_2-2015q4/bin/../lib/gcc/arm-none-eabi/5.2.1/../../../../arm-none-eabi/lib/armv6-m/libc_nano.a(lib_a-nano-svfprintf.o)
_printf_i                                         /usr/local/sbin/gcc-arm-none-eabi-5_2-2015q4/bin/../lib/gcc/arm-none-eabi/5.2.1/../../../../arm-none-eabi/lib/armv6-m/libc_nano.a(lib_a-nano-vfprintf_i.o)
                                                  /usr/local/sbin/gcc-arm-none-eabi-5_2-2015q4/bin/../lib/gcc/arm-none-eabi/5.2.1/../../../../arm-none-eabi/lib/armv6-m/libc_nano.a(lib_a-nano-svfprintf.o)
_read                                             ./cmsis_boot/syscalls/syscalls.o
_realloc_r                                        /usr/local/sbin/gcc-arm-none-eabi-5_2-2015q4/bin/../lib/gcc/arm-none-eabi/5.2.1/../../../../arm-none-eabi/lib/armv6-m/libc_nano.a(lib_a-nano-reallocr.o)
                                                  /usr/local/sbin/gcc-arm-none-eabi-5_2-2015q4/bin/../lib/gcc/arm-none-eabi/5.2.1/../../../../arm-none-eabi/lib/armv6-m/libc_nano.a(lib_a-nano-svfprintf.o)
_reclaim_reent                                    /usr/local/sbin/gcc-arm-none-eabi-5_2-2015q4/bin/../lib/gcc/arm-none-eabi/5.2.1/../../../../arm-none-eabi/lib/armv6-m/libc_nano.a(lib_a-reent.o)
_sbrk                                             ./cmsis_boot/syscalls/syscalls.o
                                                  /usr/local/sbin/gcc-arm-none-eabi-5_2-2015q4/bin/../lib/gcc/arm-none-eabi/5.2.1/../../../../arm-none-eabi/lib/armv6-m/libc_nano.a(lib_a-sbrkr.o)
_sbrk_r                                           /usr/local/sbin/gcc-arm-none-eabi-5_2-2015q4/bin/../lib/gcc/arm-none-eabi/5.2.1/../../../../arm-none-eabi/lib/armv6-m/libc_nano.a(lib_a-sbrkr.o)
                                                  /usr/local/sbin/gcc-arm-none-eabi-5_2-2015q4/bin/../lib/gcc/arm-none-eabi/5.2.1/../../../../arm-none-eabi/lib/armv6-m/libc_nano.a(lib_a-nano-mallocr.o)
_sbss                                             ./cmsis_boot/startup/startup_stm32f0xx.o
_sdata                                            ./cmsis_boot/startup/startup_stm32f0xx.o
_sidata                                           ./cmsis_boot/startup/startup_stm32f0xx.o
_siprintf_r                                       /usr/local/sbin/gcc-arm-none-eabi-5_2-2015q4/bin/../lib/gcc/arm-none-eabi/5.2.1/../../../../arm-none-eabi/lib/armv6-m/libc_nano.a(lib_a-sprintf.o)
_sprintf_r                                        /usr/local/sbin/gcc-arm-none-eabi-5_2-2015q4/bin/../lib/gcc/arm-none-eabi/5.2.1/../../../../arm-none-eabi/lib/armv6-m/libc_nano.a(lib_a-sprintf.o)
_svfiprintf_r                                     /usr/local/sbin/gcc-arm-none-eabi-5_2-2015q4/bin/../lib/gcc/arm-none-eabi/5.2.1/../../../../arm-none-eabi/lib/armv6-m/libc_nano.a(lib_a-nano-svfprintf.o)
_svfprintf_r                                      /usr/local/sbin/gcc-arm-none-eabi-5_2-2015q4/bin/../lib/gcc/arm-none-eabi/5.2.1/../../../../arm-none-eabi/lib/armv6-m/libc_nano.a(lib_a-nano-svfprintf.o)
                                                  /usr/local/sbin/gcc-arm-none-eabi-5_2-2015q4/bin/../lib/gcc/arm-none-eabi/5.2.1/../../../../arm-none-eabi/lib/armv6-m/libc_nano.a(lib_a-sprintf.o)
_write                                            ./cmsis_boot/syscalls/syscalls.o
abort                                             ./cmsis_boot/syscalls/syscalls.o
acc                                               ./src/dsp.o
adc_ch                                            ./src/main.o
                                                  ./src/dma.o
                                                  ./src/hard.o
blink                                             ./src/hard.o
cleanup_glue                                      /usr/local/sbin/gcc-arm-none-eabi-5_2-2015q4/bin/../lib/gcc/arm-none-eabi/5.2.1/../../../../arm-none-eabi/lib/armv6-m/libc_nano.a(lib_a-reent.o)
d_last                                            ./src/dsp.o
errno                                             /usr/local/sbin/gcc-arm-none-eabi-5_2-2015q4/bin/../lib/gcc/arm-none-eabi/5.2.1/../../../../arm-none-eabi/lib/armv6-m/libc_nano.a(lib_a-reent.o)
                                                  /usr/local/sbin/gcc-arm-none-eabi-5_2-2015q4/bin/../lib/gcc/arm-none-eabi/5.2.1/../../../../arm-none-eabi/lib/armv6-m/libc_nano.a(lib_a-sbrkr.o)
error_z1                                          ./src/dsp.o
error_z2                                          ./src/dsp.o
free                                              /usr/local/sbin/gcc-arm-none-eabi-5_2-2015q4/bin/../lib/gcc/arm-none-eabi/5.2.1/../../../../arm-none-eabi/lib/armv6-m/libc_nano.a(lib_a-malloc.o)
g_pfnVectors                                      ./cmsis_boot/startup/startup_stm32f0xx.o
hard_filter_index                                 ./src/hard.o
how_many_blinks                                   ./src/hard.o
integrate_voltage                                 ./src/hard.o
integrate_voltage_in_positive                     ./src/hard.o
last_voltage_cycle                                ./src/hard.o
last_voltage_cycle_in_positive                    ./src/hard.o
last_voltage_peak                                 ./src/hard.o
last_voltage_was_high                             ./src/hard.o
led_state                                         ./src/hard.o
link                                              ./cmsis_boot/syscalls/syscalls.o
main                                              ./src/main.o
                                                  ./cmsis_boot/startup/startup_stm32f0xx.o
malloc                                            /usr/local/sbin/gcc-arm-none-eabi-5_2-2015q4/bin/../lib/gcc/arm-none-eabi/5.2.1/../../../../arm-none-eabi/lib/armv6-m/libc_nano.a(lib_a-malloc.o)
                                                  /usr/local/sbin/gcc-arm-none-eabi-5_2-2015q4/bin/../lib/gcc/arm-none-eabi/5.2.1/../../../../arm-none-eabi/lib/armv6-m/libc_nano.a(lib_a-rand.o)
mem_signal                                        ./src/main.o
memchr                                            /usr/local/sbin/gcc-arm-none-eabi-5_2-2015q4/bin/../lib/gcc/arm-none-eabi/5.2.1/../../../../arm-none-eabi/lib/armv6-m/libc_nano.a(lib_a-memchr-stub.o)
                                                  /usr/local/sbin/gcc-arm-none-eabi-5_2-2015q4/bin/../lib/gcc/arm-none-eabi/5.2.1/../../../../arm-none-eabi/lib/armv6-m/libc_nano.a(lib_a-nano-vfprintf_i.o)
                                                  /usr/local/sbin/gcc-arm-none-eabi-5_2-2015q4/bin/../lib/gcc/arm-none-eabi/5.2.1/../../../../arm-none-eabi/lib/armv6-m/libc_nano.a(lib_a-nano-svfprintf.o)
memcpy                                            /usr/local/sbin/gcc-arm-none-eabi-5_2-2015q4/bin/../lib/gcc/arm-none-eabi/5.2.1/../../../../arm-none-eabi/lib/armv6-m/libc_nano.a(lib_a-memcpy-stub.o)
                                                  /usr/local/sbin/gcc-arm-none-eabi-5_2-2015q4/bin/../lib/gcc/arm-none-eabi/5.2.1/../../../../arm-none-eabi/lib/armv6-m/libc_nano.a(lib_a-nano-reallocr.o)
                                                  /usr/local/sbin/gcc-arm-none-eabi-5_2-2015q4/bin/../lib/gcc/arm-none-eabi/5.2.1/../../../../arm-none-eabi/lib/armv6-m/libc_nano.a(lib_a-nano-svfprintf.o)
memmove                                           /usr/local/sbin/gcc-arm-none-eabi-5_2-2015q4/bin/../lib/gcc/arm-none-eabi/5.2.1/../../../../arm-none-eabi/lib/armv6-m/libc_nano.a(lib_a-memmove.o)
                                                  /usr/local/sbin/gcc-arm-none-eabi-5_2-2015q4/bin/../lib/gcc/arm-none-eabi/5.2.1/../../../../arm-none-eabi/lib/armv6-m/libc_nano.a(lib_a-nano-svfprintf.o)
overcurrent_shutdown                              ./src/main.o
p_ma8                                             ./src/dsp.o
p_ma_circular                                     ./src/dsp.o
p_signal                                          ./src/main.o
rand                                              /usr/local/sbin/gcc-arm-none-eabi-5_2-2015q4/bin/../lib/gcc/arm-none-eabi/5.2.1/../../../../arm-none-eabi/lib/armv6-m/libc_nano.a(lib_a-rand.o)
                                                  ./src/dsp.o
seq_ready                                         ./src/main.o
siprintf                                          /usr/local/sbin/gcc-arm-none-eabi-5_2-2015q4/bin/../lib/gcc/arm-none-eabi/5.2.1/../../../../arm-none-eabi/lib/armv6-m/libc_nano.a(lib_a-sprintf.o)
sprintf                                           /usr/local/sbin/gcc-arm-none-eabi-5_2-2015q4/bin/../lib/gcc/arm-none-eabi/5.2.1/../../../../arm-none-eabi/lib/armv6-m/libc_nano.a(lib_a-sprintf.o)
                                                  ./src/hard.o
srand                                             /usr/local/sbin/gcc-arm-none-eabi-5_2-2015q4/bin/../lib/gcc/arm-none-eabi/5.2.1/../../../../arm-none-eabi/lib/armv6-m/libc_nano.a(lib_a-rand.o)
                                                  ./src/dsp.o
strncpy                                           /usr/local/sbin/gcc-arm-none-eabi-5_2-2015q4/bin/../lib/gcc/arm-none-eabi/5.2.1/../../../../arm-none-eabi/lib/armv6-m/libc_nano.a(lib_a-strncpy.o)
                                                  ./src/flash_program.o
timer_1000                                        ./src/tim.o
timer_filters                                     ./src/main.o
timer_led                                         ./src/main.o
                                                  ./src/hard.o
timer_standby                                     ./src/main.o
total_ma8                                         ./src/dsp.o
v_ma8                                             ./src/dsp.o
v_ma_circular                                     ./src/dsp.o
voltage_peak                                      ./src/hard.o
wait_ms_var                                       ./src/main.o
                                                  ./src/tim.o
